MPU6050.c:15:13:mpu6050_read	32	static
MPU6050.c:20:13:mpu6050_write	40	static
MPU6050.c:25:13:mpu6050_read_bytes	32	static
MPU6050.c:36:6:MPU6050_init	8	static
MPU6050.c:45:6:MPU6050_test_connection	8	static
MPU6050.c:225:6:mpu6050_set_full_scale_gyro_range	16	static
MPU6050.c:360:6:mpu6050_set_full_scale_accel_range	16	static
MPU6050.c:1768:6:mpu6050_get_motion	40	static
MPU6050.c:2428:6:mpu6050_set_sleep_enabled	16	static
MPU6050.c:2519:6:mpu6050_set_clock_source	16	static
MPU6050.c:2742:9:mpu6050_get_device_ID	16	static
