checksum.h:34:20:crc_accumulate	24	static
checksum.h:51:20:crc_init	16	static
checksum.h:64:24:crc_calculate	24	static
checksum.h:84:20:crc_accumulate_buffer	32	static
mavlink_helpers.h:17:34:mavlink_get_channel_status	16	static
mavlink_helpers.h:68:25:mavlink_finalize_message_chan	24	static
mavlink_helpers.h:101:25:mavlink_finalize_message	32	static
mavlink_helpers.h:176:25:mavlink_msg_to_send_buffer	24	static
mavlink_msg_cmd_params.h:204:20:mavlink_msg_cmd_params_decode	24	static
mavlink_msg_motor_speed.h:51:24:mavlink_msg_motor_speed_pack	32	static
mavlink_msg_motor_speed.h:228:20:mavlink_msg_motor_speed_decode	24	static
mavlink_msg_hw_params.h:79:24:mavlink_msg_hw_params_pack	40	static
mavlink_msg_hw_params.h:396:20:mavlink_msg_hw_params_decode	24	static
mode_hw.c:12:13:speed_report_callback	568	static
mode_hw.c:24:12:motor_speed	24	static
mode_hw.c:32:12:hw_params	32	static
mode_hw.c:68:12:load_params	600	static
mode_hw.c:88:12:save_params	8	static
mode_hw.c:93:6:mode_hw_init	8	static
mode_hw.c:102:6:mode_hw_deinit	8	static
mode_hw.c:111:6:on_mode_hw_mavlink_recv	24	static
