Archive member included to satisfy reference by file (symbol)

e:/stmicroelectronics/stm32cubeide_1.5.1/stm32cubeide/plugins/com.st.stm32cube.ide.mcu.externaltools.gnu-tools-for-stm32.7-2018-q2-update.win32_1.5.0.202011040924/tools/bin/../lib/gcc/arm-none-eabi/7.3.1/../../../../arm-none-eabi/lib/thumb/v7-m\libc_nano.a(lib_a-errno.o)
                              Core/Src/syscalls.o (__errno)
e:/stmicroelectronics/stm32cubeide_1.5.1/stm32cubeide/plugins/com.st.stm32cube.ide.mcu.externaltools.gnu-tools-for-stm32.7-2018-q2-update.win32_1.5.0.202011040924/tools/bin/../lib/gcc/arm-none-eabi/7.3.1/../../../../arm-none-eabi/lib/thumb/v7-m\libc_nano.a(lib_a-exit.o)
                              e:/stmicroelectronics/stm32cubeide_1.5.1/stm32cubeide/plugins/com.st.stm32cube.ide.mcu.externaltools.gnu-tools-for-stm32.7-2018-q2-update.win32_1.5.0.202011040924/tools/bin/../lib/gcc/arm-none-eabi/7.3.1/../../../../arm-none-eabi/lib/thumb/v7-m/crt0.o (exit)
e:/stmicroelectronics/stm32cubeide_1.5.1/stm32cubeide/plugins/com.st.stm32cube.ide.mcu.externaltools.gnu-tools-for-stm32.7-2018-q2-update.win32_1.5.0.202011040924/tools/bin/../lib/gcc/arm-none-eabi/7.3.1/../../../../arm-none-eabi/lib/thumb/v7-m\libc_nano.a(lib_a-impure.o)
                              e:/stmicroelectronics/stm32cubeide_1.5.1/stm32cubeide/plugins/com.st.stm32cube.ide.mcu.externaltools.gnu-tools-for-stm32.7-2018-q2-update.win32_1.5.0.202011040924/tools/bin/../lib/gcc/arm-none-eabi/7.3.1/../../../../arm-none-eabi/lib/thumb/v7-m\libc_nano.a(lib_a-exit.o) (_global_impure_ptr)
e:/stmicroelectronics/stm32cubeide_1.5.1/stm32cubeide/plugins/com.st.stm32cube.ide.mcu.externaltools.gnu-tools-for-stm32.7-2018-q2-update.win32_1.5.0.202011040924/tools/bin/../lib/gcc/arm-none-eabi/7.3.1/../../../../arm-none-eabi/lib/thumb/v7-m\libc_nano.a(lib_a-init.o)
                              e:/stmicroelectronics/stm32cubeide_1.5.1/stm32cubeide/plugins/com.st.stm32cube.ide.mcu.externaltools.gnu-tools-for-stm32.7-2018-q2-update.win32_1.5.0.202011040924/tools/bin/../lib/gcc/arm-none-eabi/7.3.1/../../../../arm-none-eabi/lib/thumb/v7-m/crt0.o (__libc_init_array)
e:/stmicroelectronics/stm32cubeide_1.5.1/stm32cubeide/plugins/com.st.stm32cube.ide.mcu.externaltools.gnu-tools-for-stm32.7-2018-q2-update.win32_1.5.0.202011040924/tools/bin/../lib/gcc/arm-none-eabi/7.3.1/../../../../arm-none-eabi/lib/thumb/v7-m\libc_nano.a(lib_a-memcpy-stub.o)
                              Core/Src/application/app_main.o (memcpy)
e:/stmicroelectronics/stm32cubeide_1.5.1/stm32cubeide/plugins/com.st.stm32cube.ide.mcu.externaltools.gnu-tools-for-stm32.7-2018-q2-update.win32_1.5.0.202011040924/tools/bin/../lib/gcc/arm-none-eabi/7.3.1/../../../../arm-none-eabi/lib/thumb/v7-m\libc_nano.a(lib_a-memset.o)
                              e:/stmicroelectronics/stm32cubeide_1.5.1/stm32cubeide/plugins/com.st.stm32cube.ide.mcu.externaltools.gnu-tools-for-stm32.7-2018-q2-update.win32_1.5.0.202011040924/tools/bin/../lib/gcc/arm-none-eabi/7.3.1/../../../../arm-none-eabi/lib/thumb/v7-m/crt0.o (memset)
e:/stmicroelectronics/stm32cubeide_1.5.1/stm32cubeide/plugins/com.st.stm32cube.ide.mcu.externaltools.gnu-tools-for-stm32.7-2018-q2-update.win32_1.5.0.202011040924/tools/bin/../lib/gcc/arm-none-eabi/7.3.1/../../../../arm-none-eabi/lib/thumb/v7-m\libm.a(lib_a-w_atan2.o)
                              Core/Src/application/imu/imu.o (atan2)
e:/stmicroelectronics/stm32cubeide_1.5.1/stm32cubeide/plugins/com.st.stm32cube.ide.mcu.externaltools.gnu-tools-for-stm32.7-2018-q2-update.win32_1.5.0.202011040924/tools/bin/../lib/gcc/arm-none-eabi/7.3.1/../../../../arm-none-eabi/lib/thumb/v7-m\libm.a(lib_a-w_sqrt.o)
                              Core/Src/application/imu/imu.o (sqrt)
e:/stmicroelectronics/stm32cubeide_1.5.1/stm32cubeide/plugins/com.st.stm32cube.ide.mcu.externaltools.gnu-tools-for-stm32.7-2018-q2-update.win32_1.5.0.202011040924/tools/bin/../lib/gcc/arm-none-eabi/7.3.1/../../../../arm-none-eabi/lib/thumb/v7-m\libm.a(lib_a-e_atan2.o)
                              e:/stmicroelectronics/stm32cubeide_1.5.1/stm32cubeide/plugins/com.st.stm32cube.ide.mcu.externaltools.gnu-tools-for-stm32.7-2018-q2-update.win32_1.5.0.202011040924/tools/bin/../lib/gcc/arm-none-eabi/7.3.1/../../../../arm-none-eabi/lib/thumb/v7-m\libm.a(lib_a-w_atan2.o) (__ieee754_atan2)
e:/stmicroelectronics/stm32cubeide_1.5.1/stm32cubeide/plugins/com.st.stm32cube.ide.mcu.externaltools.gnu-tools-for-stm32.7-2018-q2-update.win32_1.5.0.202011040924/tools/bin/../lib/gcc/arm-none-eabi/7.3.1/../../../../arm-none-eabi/lib/thumb/v7-m\libm.a(lib_a-e_sqrt.o)
                              e:/stmicroelectronics/stm32cubeide_1.5.1/stm32cubeide/plugins/com.st.stm32cube.ide.mcu.externaltools.gnu-tools-for-stm32.7-2018-q2-update.win32_1.5.0.202011040924/tools/bin/../lib/gcc/arm-none-eabi/7.3.1/../../../../arm-none-eabi/lib/thumb/v7-m\libm.a(lib_a-w_sqrt.o) (__ieee754_sqrt)
[...]
Memory Configuration

Name             Origin             Length             Attributes
RAM              0x0000000020000000 0x0000000000005000 xrw
FLASH            0x0000000008000000 0x0000000000010000 xr
*default*        0x0000000000000000 0xffffffffffffffff

Linker script and memory map

LOAD e:/stmicroelectronics/stm32cubeide_1.5.1/stm32cubeide/plugins/com.st.stm32cube.ide.mcu.externaltools.gnu-tools-for-stm32.7-2018-q2-update.win32_1.5.0.202011040924/tools/bin/../lib/gcc/arm-none-eabi/7.3.1/thumb/v7-m/crti.o
LOAD e:/stmicroelectronics/stm32cubeide_1.5.1/stm32cubeide/plugins/com.st.stm32cube.ide.mcu.externaltools.gnu-tools-for-stm32.7-2018-q2-update.win32_1.5.0.202011040924/tools/bin/../lib/gcc/arm-none-eabi/7.3.1/thumb/v7-m/crtbegin.o
LOAD e:/stmicroelectronics/stm32cubeide_1.5.1/stm32cubeide/plugins/com.st.stm32cube.ide.mcu.externaltools.gnu-tools-for-stm32.7-2018-q2-update.win32_1.5.0.202011040924/tools/bin/../lib/gcc/arm-none-eabi/7.3.1/../../../../arm-none-eabi/lib/thumb/v7-m/crt0.o
LOAD Core/Src/application/app_main.o
LOAD Core/Src/application/buzzer/buzzer.o
LOAD Core/Src/application/encoder/encoder.o
LOAD Core/Src/application/imu/MPU6050/MPU6050.o
LOAD Core/Src/application/imu/MPU9250/MPU9250.o
LOAD Core/Src/application/imu/imu.o
LOAD Core/Src/application/mav/mav.o
LOAD Core/Src/application/mav/nrf24/nrf24.o
LOAD Core/Src/application/mav/uart/uart.o
LOAD Core/Src/application/mav/utils/circular_buffer/circular_buffer.o
LOAD Core/Src/application/mode/mode_hw/mode_hw.o
LOAD Core/Src/application/mode/mode_imu/mode_imu.o
LOAD Core/Src/application/mode/mode_pidt/mode_pidt_tank.o
LOAD Core/Src/application/mode/mode_pidt/mode_pidt_tw.o
LOAD Core/Src/application/mode/mode_run/Mode_RUN_Tank.o
LOAD Core/Src/application/mode/mode_run/mode_run_tw.o
LOAD Core/Src/application/motors/motors.o
LOAD Core/Src/application/neopixel/abs/common.o
LOAD Core/Src/application/neopixel/abs/port.o
LOAD Core/Src/application/neopixel/app_loading/loading.o
LOAD Core/Src/application/neopixel/app_rainbow/rainbow.o
LOAD Core/Src/application/params/params.o
LOAD Core/Src/application/pid/pid.o
LOAD Core/Src/application/timer/timer.o
LOAD Core/Src/dma.o
LOAD Core/Src/gpio.o
LOAD Core/Src/i2c.o
LOAD Core/Src/main.o
LOAD Core/Src/spi.o
LOAD Core/Src/stm32f1xx_hal_msp.o
LOAD Core/Src/stm32f1xx_it.o
LOAD Core/Src/syscalls.o
LOAD Core/Src/sysmem.o
LOAD Core/Src/system_stm32f1xx.o
LOAD Core/Src/tim.o
LOAD Core/Src/usart.o
LOAD Core/Startup/startup_stm32f103c8tx.o
LOAD Drivers/STM32F1xx_HAL_Driver/Src/stm32f1xx_hal.o
LOAD Drivers/STM32F1xx_HAL_Driver/Src/stm32f1xx_hal_cortex.o
LOAD Drivers/STM32F1xx_HAL_Driver/Src/stm32f1xx_hal_dma.o
LOAD Drivers/STM32F1xx_HAL_Driver/Src/stm32f1xx_hal_exti.o
LOAD Drivers/STM32F1xx_HAL_Driver/Src/stm32f1xx_hal_flash.o
LOAD Drivers/STM32F1xx_HAL_Driver/Src/stm32f1xx_hal_flash_ex.o
LOAD Drivers/STM32F1xx_HAL_Driver/Src/stm32f1xx_hal_gpio.o
LOAD Drivers/STM32F1xx_HAL_Driver/Src/stm32f1xx_hal_gpio_ex.o
LOAD Drivers/STM32F1xx_HAL_Driver/Src/stm32f1xx_hal_i2c.o
LOAD Drivers/STM32F1xx_HAL_Driver/Src/stm32f1xx_hal_pwr.o
LOAD Drivers/STM32F1xx_HAL_Driver/Src/stm32f1xx_hal_rcc.o
LOAD Drivers/STM32F1xx_HAL_Driver/Src/stm32f1xx_hal_rcc_ex.o
LOAD Drivers/STM32F1xx_HAL_Driver/Src/stm32f1xx_hal_spi.o
LOAD Drivers/STM32F1xx_HAL_Driver/Src/stm32f1xx_hal_tim.o
LOAD Drivers/STM32F1xx_HAL_Driver/Src/stm32f1xx_hal_tim_ex.o
LOAD Drivers/STM32F1xx_HAL_Driver/Src/stm32f1xx_hal_uart.o
START GROUP
LOAD e:/stmicroelectronics/stm32cubeide_1.5.1/stm32cubeide/plugins/com.st.stm32cube.ide.mcu.externaltools.gnu-tools-for-stm32.7-2018-q2-update.win32_1.5.0.202011040924/tools/bin/../lib/gcc/arm-none-eabi/7.3.1/../../../../arm-none-eabi/lib/thumb/v7-m\libc_nano.a
LOAD e:/stmicroelectronics/stm32cubeide_1.5.1/stm32cubeide/plugins/com.st.stm32cube.ide.mcu.externaltools.gnu-tools-for-stm32.7-2018-q2-update.win32_1.5.0.202011040924/tools/bin/../lib/gcc/arm-none-eabi/7.3.1/../../../../arm-none-eabi/lib/thumb/v7-m\libm.a
END GROUP
START GROUP
LOAD e:/stmicroelectronics/stm32cubeide_1.5.1/stm32cubeide/plugins/com.st.stm32cube.ide.mcu.externaltools.gnu-tools-for-stm32.7-2018-q2-update.win32_1.5.0.202011040924/tools/bin/../lib/gcc/arm-none-eabi/7.3.1/thumb/v7-m\libgcc.a
LOAD e:/stmicroelectronics/stm32cubeide_1.5.1/stm32cubeide/plugins/com.st.stm32cube.ide.mcu.externaltools.gnu-tools-for-stm32.7-2018-q2-update.win32_1.5.0.202011040924/tools/bin/../lib/gcc/arm-none-eabi/7.3.1/../../../../arm-none-eabi/lib/thumb/v7-m\libc_nano.a
END GROUP
START GROUP
LOAD e:/stmicroelectronics/stm32cubeide_1.5.1/stm32cubeide/plugins/com.st.stm32cube.ide.mcu.externaltools.gnu-tools-for-stm32.7-2018-q2-update.win32_1.5.0.202011040924/tools/bin/../lib/gcc/arm-none-eabi/7.3.1/thumb/v7-m\libgcc.a
LOAD e:/stmicroelectronics/stm32cubeide_1.5.1/stm32cubeide/plugins/com.st.stm32cube.ide.mcu.externaltools.gnu-tools-for-stm32.7-2018-q2-update.win32_1.5.0.202011040924/tools/bin/../lib/gcc/arm-none-eabi/7.3.1/../../../../arm-none-eabi/lib/thumb/v7-m\libc_nano.a
LOAD e:/stmicroelectronics/stm32cubeide_1.5.1/stm32cubeide/plugins/com.st.stm32cube.ide.mcu.externaltools.gnu-tools-for-stm32.7-2018-q2-update.win32_1.5.0.202011040924/tools/bin/../lib/gcc/arm-none-eabi/7.3.1/../../../../arm-none-eabi/lib/thumb/v7-m\libnosys.a
END GROUP
START GROUP
LOAD e:/stmicroelectronics/stm32cubeide_1.5.1/stm32cubeide/plugins/com.st.stm32cube.ide.mcu.externaltools.gnu-tools-for-stm32.7-2018-q2-update.win32_1.5.0.202011040924/tools/bin/../lib/gcc/arm-none-eabi/7.3.1/thumb/v7-m\libgcc.a
LOAD e:/stmicroelectronics/stm32cubeide_1.5.1/stm32cubeide/plugins/com.st.stm32cube.ide.mcu.externaltools.gnu-tools-for-stm32.7-2018-q2-update.win32_1.5.0.202011040924/tools/bin/../lib/gcc/arm-none-eabi/7.3.1/../../../../arm-none-eabi/lib/thumb/v7-m\libc_nano.a
LOAD e:/stmicroelectronics/stm32cubeide_1.5.1/stm32cubeide/plugins/com.st.stm32cube.ide.mcu.externaltools.gnu-tools-for-stm32.7-2018-q2-update.win32_1.5.0.202011040924/tools/bin/../lib/gcc/arm-none-eabi/7.3.1/../../../../arm-none-eabi/lib/thumb/v7-m\libnosys.a
END GROUP
LOAD e:/stmicroelectronics/stm32cubeide_1.5.1/stm32cubeide/plugins/com.st.stm32cube.ide.mcu.externaltools.gnu-tools-for-stm32.7-2018-q2-update.win32_1.5.0.202011040924/tools/bin/../lib/gcc/arm-none-eabi/7.3.1/thumb/v7-m/crtend.o
LOAD e:/stmicroelectronics/stm32cubeide_1.5.1/stm32cubeide/plugins/com.st.stm32cube.ide.mcu.externaltools.gnu-tools-for-stm32.7-2018-q2-update.win32_1.5.0.202011040924/tools/bin/../lib/gcc/arm-none-eabi/7.3.1/thumb/v7-m/crtn.o
                0x0000000020005000                _estack = (ORIGIN (RAM) + LENGTH (RAM))
                0x0000000000000200                _Min_Heap_Size = 0x200
                0x0000000000000400                _Min_Stack_Size = 0x400

.isr_vector     0x0000000008000000      0x10c
                0x0000000008000000                . = ALIGN (0x4)
 *(.isr_vector)
 .isr_vector    0x0000000008000000      0x10c Core/Startup/startup_stm32f103c8tx.o
                0x0000000008000000                g_pfnVectors
                0x000000000800010c                . = ALIGN (0x4)

.text           0x0000000008000110     0xb8a8
                0x0000000008000110                . = ALIGN (0x4)
 *(.text)
 .text          0x0000000008000110       0x40 e:/stmicroelectronics/stm32cubeide_1.5.1/stm32cubeide/plugins/com.st.stm32cube.ide.mcu.externaltools.gnu-tools-for-stm32.7-2018-q2-update.win32_1.5.0.202011040924/tools/bin/../lib/gcc/arm-none-eabi/7.3.1/thumb/v7-m/crtbegin.o
 .text          0x0000000008000150      0x378 e:/stmicroelectronics/stm32cubeide_1.5.1/stm32cubeide/plugins/com.st.stm32cube.ide.mcu.externaltools.gnu-tools-for-stm32.7-2018-q2-update.win32_1.5.0.202011040924/tools/bin/../lib/gcc/arm-none-eabi/7.3.1/thumb/v7-m\libgcc.a(_arm_addsubdf3.o)
                0x0000000008000150                __aeabi_drsub
                0x0000000008000158                __aeabi_dsub
                0x0000000008000158                __subdf3
                0x000000000800015c                __aeabi_dadd
                0x000000000800015c                __adddf3
                0x00000000080003d4                __floatunsidf
                0x00000000080003d4                __aeabi_ui2d
                0x00000000080003f4                __floatsidf
                0x00000000080003f4                __aeabi_i2d
                0x0000000008000418                __aeabi_f2d
                0x0000000008000418                __extendsfdf2
                0x000000000800045c                __floatundidf
                0x000000000800045c                __aeabi_ul2d
                0x000000000800046c                __floatdidf
                0x000000000800046c                __aeabi_l2d
 .text          0x00000000080004c8      0x424 e:/stmicroelectronics/stm32cubeide_1.5.1/stm32cubeide/plugins/com.st.stm32cube.ide.mcu.externaltools.gnu-tools-for-stm32.7-2018-q2-update.win32_1.5.0.202011040924/tools/bin/../lib/gcc/arm-none-eabi/7.3.1/thumb/v7-m\libgcc.a(_arm_muldivdf3.o)
                0x00000000080004c8                __aeabi_dmul
                0x00000000080004c8                __muldf3
                0x000000000800071c                __divdf3
                0x000000000800071c                __aeabi_ddiv
 .text          0x00000000080008ec      0x110 e:/stmicroelectronics/stm32cubeide_1.5.1/stm32cubeide/plugins/com.st.stm32cube.ide.mcu.externaltools.gnu-tools-for-stm32.7-2018-q2-update.win32_1.5.0.202011040924/tools/bin/../lib/gcc/arm-none-eabi/7.3.1/thumb/v7-m\libgcc.a(_arm_cmpdf2.o)
                0x00000000080008ec                __gtdf2
                0x00000000080008ec                __gedf2
                0x00000000080008f4                __ltdf2
                0x00000000080008f4                __ledf2
                0x00000000080008fc                __nedf2
                0x00000000080008fc                __eqdf2
                0x00000000080008fc                __cmpdf2
                0x0000000008000978                __aeabi_cdrcmple
                0x0000000008000988                __aeabi_cdcmpeq
                0x0000000008000988                __aeabi_cdcmple
                0x0000000008000998                __aeabi_dcmpeq
                0x00000000080009ac                __aeabi_dcmplt
                0x00000000080009c0                __aeabi_dcmple
                0x00000000080009d4                __aeabi_dcmpge
                0x00000000080009e8                __aeabi_dcmpgt
 .text          0x00000000080009fc       0x2c e:/stmicroelectronics/stm32cubeide_1.5.1/stm32cubeide/plugins/com.st.stm32cube.ide.mcu.externaltools.gnu-tools-for-stm32.7-2018-q2-update.win32_1.5.0.202011040924/tools/bin/../lib/gcc/arm-none-eabi/7.3.1/thumb/v7-m\libgcc.a(_arm_unorddf2.o)
                0x00000000080009fc                __unorddf2
                0x00000000080009fc                __aeabi_dcmpun
 .text          0x0000000008000a28       0xa0 e:/stmicroelectronics/stm32cubeide_1.5.1/stm32cubeide/plugins/com.st.stm32cube.ide.mcu.externaltools.gnu-tools-for-stm32.7-2018-q2-update.win32_1.5.0.202011040924/tools/bin/../lib/gcc/arm-none-eabi/7.3.1/thumb/v7-m\libgcc.a(_arm_truncdfsf2.o)
                0x0000000008000a28                __truncdfsf2
                0x0000000008000a28                __aeabi_d2f
 .text          0x0000000008000ac8      0x21c e:/stmicroelectronics/stm32cubeide_1.5.1/stm32cubeide/plugins/com.st.stm32cube.ide.mcu.externaltools.gnu-tools-for-stm32.7-2018-q2-update.win32_1.5.0.202011040924/tools/bin/../lib/gcc/arm-none-eabi/7.3.1/thumb/v7-m\libgcc.a(_arm_addsubsf3.o)
                0x0000000008000ac8                __aeabi_frsub
                0x0000000008000ad0                __subsf3
                0x0000000008000ad0                __aeabi_fsub
                0x0000000008000ad4                __aeabi_fadd
                0x0000000008000ad4                __addsf3
                0x0000000008000c34                __aeabi_ui2f
                0x0000000008000c34                __floatunsisf
                0x0000000008000c3c                __aeabi_i2f
                0x0000000008000c3c                __floatsisf
                0x0000000008000c58                __aeabi_ul2f
                0x0000000008000c58                __floatundisf
                0x0000000008000c68                __aeabi_l2f
                0x0000000008000c68                __floatdisf
 .text          0x0000000008000ce4      0x2a0 e:/stmicroelectronics/stm32cubeide_1.5.1/stm32cubeide/plugins/com.st.stm32cube.ide.mcu.externaltools.gnu-tools-for-stm32.7-2018-q2-update.win32_1.5.0.202011040924/tools/bin/../lib/gcc/arm-none-eabi/7.3.1/thumb/v7-m\libgcc.a(_arm_muldivsf3.o)
                0x0000000008000ce4                __mulsf3
                0x0000000008000ce4                __aeabi_fmul
                0x0000000008000e4c                __aeabi_fdiv
                0x0000000008000e4c                __divsf3
 .text          0x0000000008000f84       0xec e:/stmicroelectronics/stm32cubeide_1.5.1/stm32cubeide/plugins/com.st.stm32cube.ide.mcu.externaltools.gnu-tools-for-stm32.7-2018-q2-update.win32_1.5.0.202011040924/tools/bin/../lib/gcc/arm-none-eabi/7.3.1/thumb/v7-m\libgcc.a(_arm_cmpsf2.o)
                0x0000000008000f84                __gesf2
                0x0000000008000f84                __gtsf2
                0x0000000008000f8c                __lesf2
                0x0000000008000f8c                __ltsf2
                0x0000000008000f94                __nesf2
                0x0000000008000f94                __eqsf2
                0x0000000008000f94                __cmpsf2
                0x0000000008000ff4                __aeabi_cfrcmple
                0x0000000008000ffc                __aeabi_cfcmpeq
                0x0000000008000ffc                __aeabi_cfcmple
                0x000000000800100c                __aeabi_fcmpeq
                0x0000000008001020                __aeabi_fcmplt
                0x0000000008001034                __aeabi_fcmple
                0x0000000008001048                __aeabi_fcmpge
                0x000000000800105c                __aeabi_fcmpgt
 .text          0x0000000008001070       0x2c e:/stmicroelectronics/stm32cubeide_1.5.1/stm32cubeide/plugins/com.st.stm32cube.ide.mcu.externaltools.gnu-tools-for-stm32.7-2018-q2-update.win32_1.5.0.202011040924/tools/bin/../lib/gcc/arm-none-eabi/7.3.1/thumb/v7-m\libgcc.a(_arm_unordsf2.o)
                0x0000000008001070                __unordsf2
                0x0000000008001070                __aeabi_fcmpun
 .text          0x000000000800109c       0x4c e:/stmicroelectronics/stm32cubeide_1.5.1/stm32cubeide/plugins/com.st.stm32cube.ide.mcu.externaltools.gnu-tools-for-stm32.7-2018-q2-update.win32_1.5.0.202011040924/tools/bin/../lib/gcc/arm-none-eabi/7.3.1/thumb/v7-m\libgcc.a(_arm_fixsfsi.o)
                0x000000000800109c                __aeabi_f2iz
                0x000000000800109c                __fixsfsi
 *(.text*)
 .text.mavlink_msg_cmd_change_mode_decode
                0x00000000080010e8       0x3a Core/Src/application/app_main.o
 .text.app_reset
                0x0000000008001122       0x2a Core/Src/application/app_main.o
                0x0000000008001122                app_reset
 .text.app_run_init
                0x000000000800114c       0x16 Core/Src/application/app_main.o
                0x000000000800114c                app_run_init
 .text.app_run_deinit
                0x0000000008001162       0x16 Core/Src/application/app_main.o
                0x0000000008001162                app_run_deinit
 .text.app_run_on_msg_recv
                0x0000000008001178       0x1a Core/Src/application/app_main.o
                0x0000000008001178                app_run_on_msg_recv
 *fill*         0x0000000008001192        0x2 
 .text.LED_Callback
                0x0000000008001194       0x20 Core/Src/application/app_main.o
                0x0000000008001194                LED_Callback
 .text.on_mavlink_recv
                0x00000000080011b4       0xc8 Core/Src/application/app_main.o
 .text.app_main
                0x000000000800127c       0x58 Core/Src/application/app_main.o
                0x000000000800127c                app_main
 .text.buzzer_sys_start
                0x00000000080012d4       0x50 Core/Src/application/buzzer/buzzer.o
                0x00000000080012d4                buzzer_sys_start
 .text.enc_callback
                0x0000000008001324       0x4c Core/Src/application/encoder/encoder.o
 .text.enc_init
                0x0000000008001370       0x8c Core/Src/application/encoder/encoder.o
                0x0000000008001370                enc_init
 .text.enc_deinit
                0x00000000080013fc       0x24 Core/Src/application/encoder/encoder.o
                0x00000000080013fc                enc_deinit
 .text.enc_read
                0x0000000008001420       0x24 Core/Src/application/encoder/encoder.o
                0x0000000008001420                enc_read
 .text.enc_read_0
                0x0000000008001444       0x74 Core/Src/application/encoder/encoder.o
 .text.enc_read_1
                0x00000000080014b8       0x74 Core/Src/application/encoder/encoder.o
 .text.mpu6500_read
                0x000000000800152c       0x40 Core/Src/application/imu/MPU9250/MPU9250.o
 .text.mpu6500_write
                0x000000000800156c       0x6c Core/Src/application/imu/MPU9250/MPU9250.o
 .text.mpu6500_read_bytes
                0x00000000080015d8       0x54 Core/Src/application/imu/MPU9250/MPU9250.o
 .text.mpu6500_write_mask
                0x000000000800162c       0x74 Core/Src/application/imu/MPU9250/MPU9250.o
 .text.ak8963_read
                0x00000000080016a0       0x34 Core/Src/application/imu/MPU9250/MPU9250.o
 .text.mpu9250_init
                0x00000000080016d4      0x280 Core/Src/application/imu/MPU9250/MPU9250.o
                0x00000000080016d4                mpu9250_init
 .text.mpu9250_test
                0x0000000008001954       0x3c Core/Src/application/imu/MPU9250/MPU9250.o
                0x0000000008001954                mpu9250_test
 .text.mpu9250_get_accel_gyro
                0x0000000008001990      0x168 Core/Src/application/imu/MPU9250/MPU9250.o
                0x0000000008001990                mpu9250_get_accel_gyro
 .text.imu_callback
                0x0000000008001af8      0x29c Core/Src/application/imu/imu.o
 .text.imu_init
                0x0000000008001d94       0x3c Core/Src/application/imu/imu.o
                0x0000000008001d94                imu_init
 .text.imu_deinit
                0x0000000008001dd0       0x1c Core/Src/application/imu/imu.o
                0x0000000008001dd0                imu_deinit
 .text.imu_get_roll
                0x0000000008001dec       0x14 Core/Src/application/imu/imu.o
                0x0000000008001dec                imu_get_roll
 .text.imu_get_pitch
                0x0000000008001e00       0x14 Core/Src/application/imu/imu.o
                0x0000000008001e00                imu_get_pitch
 .text.imu_get_yaw
                0x0000000008001e14       0x10 Core/Src/application/imu/imu.o
                0x0000000008001e14                imu_get_yaw
 .text.imu_get_accel_raw
                0x0000000008001e24       0x34 Core/Src/application/imu/imu.o
                0x0000000008001e24                imu_get_accel_raw
 .text.imu_get_gyro_raw
                0x0000000008001e58       0x34 Core/Src/application/imu/imu.o
                0x0000000008001e58                imu_get_gyro_raw
 .text.imu_get_mag_raw
                0x0000000008001e8c       0x32 Core/Src/application/imu/imu.o
                0x0000000008001e8c                imu_get_mag_raw
 .text.crc_accumulate
                0x0000000008001ebe       0x62 Core/Src/application/mav/mav.o
 .text.crc_init
                0x0000000008001f20       0x1a Core/Src/application/mav/mav.o
 .text.crc_calculate
                0x0000000008001f3a       0x40 Core/Src/application/mav/mav.o
 .text.crc_accumulate_buffer
                0x0000000008001f7a       0x36 Core/Src/application/mav/mav.o
 .text.mavlink_get_channel_status
                0x0000000008001fb0       0x28 Core/Src/application/mav/mav.o
 .text.mavlink_get_channel_buffer
                0x0000000008001fd8       0x28 Core/Src/application/mav/mav.o
 .text.mavlink_finalize_message_chan
                0x0000000008002000       0xd4 Core/Src/application/mav/mav.o
 .text.mavlink_finalize_message
                0x00000000080020d4       0x3c Core/Src/application/mav/mav.o
 .text.mavlink_msg_to_send_buffer
                0x0000000008002110       0x5a Core/Src/application/mav/mav.o
 .text.mavlink_start_checksum
                0x000000000800216a       0x18 Core/Src/application/mav/mav.o
 .text.mavlink_update_checksum
                0x0000000008002182       0x20 Core/Src/application/mav/mav.o
 *fill*         0x00000000080021a2        0x2 
 .text.mavlink_frame_char_buffer
                0x00000000080021a4      0x2b0 Core/Src/application/mav/mav.o
 .text.mavlink_frame_char
                0x0000000008002454       0x3e Core/Src/application/mav/mav.o
 .text.mavlink_parse_char
                0x0000000008002492       0x7a Core/Src/application/mav/mav.o
 .text.mavlink_msg_respond_pack
                0x000000000800250c       0x46 Core/Src/application/mav/mav.o
 *fill*         0x0000000008002552        0x2 
 .text.mavlink_callback
                0x0000000008002554       0xcc Core/Src/application/mav/mav.o
                0x0000000008002554                mavlink_callback
 .text.mav_init
                0x0000000008002620       0x2c Core/Src/application/mav/mav.o
                0x0000000008002620                mav_init
 .text.mav_set_on_mav_recv
                0x000000000800264c       0x1c Core/Src/application/mav/mav.o
                0x000000000800264c                mav_set_on_mav_recv
 .text.mav_send
                0x0000000008002668       0x34 Core/Src/application/mav/mav.o
                0x0000000008002668                mav_send
 .text.respond_ok
                0x000000000800269c       0x42 Core/Src/application/mav/mav.o
                0x000000000800269c                respond_ok
 .text.respond_error
                0x00000000080026de       0x42 Core/Src/application/mav/mav.o
                0x00000000080026de                respond_error
 .text.add_uart_drv_instant
                0x0000000008002720       0x48 Core/Src/application/mav/uart/uart.o
 .text.find_uart_dev_instant
                0x0000000008002768       0x44 Core/Src/application/mav/uart/uart.o
 .text.HAL_UART_TxCpltCallback
                0x00000000080027ac       0x2c Core/Src/application/mav/uart/uart.o
                0x00000000080027ac                HAL_UART_TxCpltCallback
 .text.HAL_UART_RxHalfCpltCallback
                0x00000000080027d8       0x16 Core/Src/application/mav/uart/uart.o
                0x00000000080027d8                HAL_UART_RxHalfCpltCallback
 *fill*         0x00000000080027ee        0x2 
 .text.HAL_UART_RxCpltCallback
                0x00000000080027f0       0x98 Core/Src/application/mav/uart/uart.o
                0x00000000080027f0                HAL_UART_RxCpltCallback
 .text.uart_cb  0x0000000008002888       0x8c Core/Src/application/mav/uart/uart.o
                0x0000000008002888                uart_cb
 .text.uart_init
                0x0000000008002914       0x88 Core/Src/application/mav/uart/uart.o
                0x0000000008002914                uart_init
 .text.uart_send_chr
                0x000000000800299c       0x26 Core/Src/application/mav/uart/uart.o
                0x000000000800299c                uart_send_chr
 .text.uart_recv_chr
                0x00000000080029c2       0x22 Core/Src/application/mav/uart/uart.o
                0x00000000080029c2                uart_recv_chr
 .text.uart_send
                0x00000000080029e4       0x48 Core/Src/application/mav/uart/uart.o
                0x00000000080029e4                uart_send
 .text.uart_recv
                0x0000000008002a2c       0x46 Core/Src/application/mav/uart/uart.o
                0x0000000008002a2c                uart_recv
 .text.cbuf_init
                0x0000000008002a72       0x26 Core/Src/application/mav/utils/circular_buffer/circular_buffer.o
                0x0000000008002a72                cbuf_init
 .text.cbuf_reset
                0x0000000008002a98       0x24 Core/Src/application/mav/utils/circular_buffer/circular_buffer.o
                0x0000000008002a98                cbuf_reset
 .text.cbuf_put
                0x0000000008002abc       0x6a Core/Src/application/mav/utils/circular_buffer/circular_buffer.o
                0x0000000008002abc                cbuf_put
 .text.cbuf_get
                0x0000000008002b26       0x5a Core/Src/application/mav/utils/circular_buffer/circular_buffer.o
                0x0000000008002b26                cbuf_get
 .text.cbuf_empty
                0x0000000008002b80       0x38 Core/Src/application/mav/utils/circular_buffer/circular_buffer.o
                0x0000000008002b80                cbuf_empty
 .text.cbuf_full
                0x0000000008002bb8       0x16 Core/Src/application/mav/utils/circular_buffer/circular_buffer.o
                0x0000000008002bb8                cbuf_full
 .text.cbuf_size
                0x0000000008002bce       0x54 Core/Src/application/mav/utils/circular_buffer/circular_buffer.o
                0x0000000008002bce                cbuf_size
 .text.crc_accumulate
                0x0000000008002c22       0x62 Core/Src/application/mode/mode_hw/mode_hw.o
 .text.crc_init
                0x0000000008002c84       0x1a Core/Src/application/mode/mode_hw/mode_hw.o
 .text.crc_calculate
                0x0000000008002c9e       0x40 Core/Src/application/mode/mode_hw/mode_hw.o
 .text.crc_accumulate_buffer
                0x0000000008002cde       0x36 Core/Src/application/mode/mode_hw/mode_hw.o
 .text.mavlink_get_channel_status
                0x0000000008002d14       0x28 Core/Src/application/mode/mode_hw/mode_hw.o
 .text.mavlink_finalize_message_chan
                0x0000000008002d3c       0xd4 Core/Src/application/mode/mode_hw/mode_hw.o
 .text.mavlink_finalize_message
                0x0000000008002e10       0x3c Core/Src/application/mode/mode_hw/mode_hw.o
 .text.mavlink_msg_to_send_buffer
                0x0000000008002e4c       0x5a Core/Src/application/mode/mode_hw/mode_hw.o
 .text.mavlink_msg_cmd_params_decode
                0x0000000008002ea6       0x3a Core/Src/application/mode/mode_hw/mode_hw.o
 .text.mavlink_msg_motor_speed_pack
                0x0000000008002ee0       0x4a Core/Src/application/mode/mode_hw/mode_hw.o
 .text.mavlink_msg_motor_speed_decode
                0x0000000008002f2a       0x36 Core/Src/application/mode/mode_hw/mode_hw.o
 .text.mavlink_msg_hw_params_pack
                0x0000000008002f60       0x76 Core/Src/application/mode/mode_hw/mode_hw.o
 .text.mavlink_msg_hw_params_decode
                0x0000000008002fd6       0x36 Core/Src/application/mode/mode_hw/mode_hw.o
 .text.speed_report_callback
                0x000000000800300c       0x70 Core/Src/application/mode/mode_hw/mode_hw.o
 .text.motor_speed
                0x000000000800307c       0x36 Core/Src/application/mode/mode_hw/mode_hw.o
 *fill*         0x00000000080030b2        0x2 
 .text.hw_params
                0x00000000080030b4       0xdc Core/Src/application/mode/mode_hw/mode_hw.o
 .text.load_params
                0x0000000008003190       0xf8 Core/Src/application/mode/mode_hw/mode_hw.o
 .text.save_params
                0x0000000008003288        0xe Core/Src/application/mode/mode_hw/mode_hw.o
 *fill*         0x0000000008003296        0x2 
 .text.mode_hw_init
                0x0000000008003298       0x2c Core/Src/application/mode/mode_hw/mode_hw.o
                0x0000000008003298                mode_hw_init
 .text.mode_hw_deinit
                0x00000000080032c4       0x20 Core/Src/application/mode/mode_hw/mode_hw.o
                0x00000000080032c4                mode_hw_deinit
 .text.on_mode_hw_mavlink_recv
                0x00000000080032e4       0x9c Core/Src/application/mode/mode_hw/mode_hw.o
                0x00000000080032e4                on_mode_hw_mavlink_recv
 .text.crc_accumulate
                0x0000000008003380       0x62 Core/Src/application/mode/mode_imu/mode_imu.o
 .text.crc_init
                0x00000000080033e2       0x1a Core/Src/application/mode/mode_imu/mode_imu.o
 .text.crc_calculate
                0x00000000080033fc       0x40 Core/Src/application/mode/mode_imu/mode_imu.o
 .text.crc_accumulate_buffer
                0x000000000800343c       0x36 Core/Src/application/mode/mode_imu/mode_imu.o
 *fill*         0x0000000008003472        0x2 
 .text.mavlink_get_channel_status
                0x0000000008003474       0x28 Core/Src/application/mode/mode_imu/mode_imu.o
 .text.mavlink_finalize_message_chan
                0x000000000800349c       0xd4 Core/Src/application/mode/mode_imu/mode_imu.o
 .text.mavlink_finalize_message
                0x0000000008003570       0x3c Core/Src/application/mode/mode_imu/mode_imu.o
 .text.mavlink_msg_to_send_buffer
                0x00000000080035ac       0x5a Core/Src/application/mode/mode_imu/mode_imu.o
 .text.mavlink_msg_cmd_params_decode
                0x0000000008003606       0x3a Core/Src/application/mode/mode_imu/mode_imu.o
 .text.mavlink_msg_evt_tilt_pack
                0x0000000008003640       0x42 Core/Src/application/mode/mode_imu/mode_imu.o
 .text.mavlink_msg_evt_rpy_pack
                0x0000000008003682       0x52 Core/Src/application/mode/mode_imu/mode_imu.o
 .text.mavlink_msg_gyro_params_pack
                0x00000000080036d4       0x52 Core/Src/application/mode/mode_imu/mode_imu.o
 .text.mavlink_msg_gyro_params_decode
                0x0000000008003726       0x36 Core/Src/application/mode/mode_imu/mode_imu.o
 .text.mavlink_msg_comp_filter_params_pack
                0x000000000800375c       0x56 Core/Src/application/mode/mode_imu/mode_imu.o
 .text.mavlink_msg_comp_filter_params_decode
                0x00000000080037b2       0x36 Core/Src/application/mode/mode_imu/mode_imu.o
 .text.mavlink_msg_evt_accel_raw_pack
                0x00000000080037e8       0x52 Core/Src/application/mode/mode_imu/mode_imu.o
 .text.mavlink_msg_evt_gyro_raw_pack
                0x000000000800383a       0x52 Core/Src/application/mode/mode_imu/mode_imu.o
 .text.mavlink_msg_evt_calibrated_gyro_raw_pack
                0x000000000800388c       0x52 Core/Src/application/mode/mode_imu/mode_imu.o
 .text.mavlink_msg_evt_mag_raw_pack
                0x00000000080038de       0x52 Core/Src/application/mode/mode_imu/mode_imu.o
 .text.imu_raw_callback
                0x0000000008003930      0x172 Core/Src/application/mode/mode_imu/mode_imu.o
 *fill*         0x0000000008003aa2        0x2 
 .text.imu_result_callback
                0x0000000008003aa4      0x144 Core/Src/application/mode/mode_imu/mode_imu.o
 .text.load_imu_params
                0x0000000008003be8       0xac Core/Src/application/mode/mode_imu/mode_imu.o
 .text.save_imu_params
                0x0000000008003c94        0xe Core/Src/application/mode/mode_imu/mode_imu.o
 *fill*         0x0000000008003ca2        0x2 
 .text.mode_imu_init
                0x0000000008003ca4       0x44 Core/Src/application/mode/mode_imu/mode_imu.o
                0x0000000008003ca4                mode_imu_init
 .text.mode_imu_deinit
                0x0000000008003ce8       0x2c Core/Src/application/mode/mode_imu/mode_imu.o
                0x0000000008003ce8                mode_imu_deinit
 .text.on_mode_imu_mavlink_recv
                0x0000000008003d14       0xc4 Core/Src/application/mode/mode_imu/mode_imu.o
                0x0000000008003d14                on_mode_imu_mavlink_recv
 .text.crc_accumulate
                0x0000000008003dd8       0x62 Core/Src/application/mode/mode_pidt/mode_pidt_tw.o
 .text.crc_init
                0x0000000008003e3a       0x1a Core/Src/application/mode/mode_pidt/mode_pidt_tw.o
 .text.crc_calculate
                0x0000000008003e54       0x40 Core/Src/application/mode/mode_pidt/mode_pidt_tw.o
 .text.crc_accumulate_buffer
                0x0000000008003e94       0x36 Core/Src/application/mode/mode_pidt/mode_pidt_tw.o
 *fill*         0x0000000008003eca        0x2 
 .text.mavlink_get_channel_status
                0x0000000008003ecc       0x28 Core/Src/application/mode/mode_pidt/mode_pidt_tw.o
 .text.mavlink_finalize_message_chan
                0x0000000008003ef4       0xd4 Core/Src/application/mode/mode_pidt/mode_pidt_tw.o
 .text.mavlink_finalize_message
                0x0000000008003fc8       0x3c Core/Src/application/mode/mode_pidt/mode_pidt_tw.o
 .text.mavlink_msg_to_send_buffer
                0x0000000008004004       0x5a Core/Src/application/mode/mode_pidt/mode_pidt_tw.o
 .text.mavlink_msg_cmd_params_decode
                0x000000000800405e       0x3a Core/Src/application/mode/mode_pidt/mode_pidt_tw.o
 .text.mavlink_msg_cmd_velocity_decode
                0x0000000008004098       0x36 Core/Src/application/mode/mode_pidt/mode_pidt_tw.o
 .text.mavlink_msg_evt_tilt_pack
                0x00000000080040ce       0x42 Core/Src/application/mode/mode_pidt/mode_pidt_tw.o
 .text.mavlink_msg_pid_params_pack
                0x0000000008004110       0x5a Core/Src/application/mode/mode_pidt/mode_pidt_tw.o
 .text.mavlink_msg_pid_params_decode
                0x000000000800416a       0x36 Core/Src/application/mode/mode_pidt/mode_pidt_tw.o
 .text.mavlink_msg_pid_report_pack
                0x00000000080041a0       0x68 Core/Src/application/mode/mode_pidt/mode_pidt_tw.o
 .text.tilt_controller_callback
                0x0000000008004208       0xf8 Core/Src/application/mode/mode_pidt/mode_pidt_tw.o
 .text.vel_controller_callback
                0x0000000008004300       0x9c Core/Src/application/mode/mode_pidt/mode_pidt_tw.o
 .text.load_params
                0x000000000800439c       0xf4 Core/Src/application/mode/mode_pidt/mode_pidt_tw.o
 .text.save_params
                0x0000000008004490        0xe Core/Src/application/mode/mode_pidt/mode_pidt_tw.o
 *fill*         0x000000000800449e        0x2 
 .text.write_param
                0x00000000080044a0       0x74 Core/Src/application/mode/mode_pidt/mode_pidt_tw.o
 .text.tilt_report_callback
                0x0000000008004514       0x94 Core/Src/application/mode/mode_pidt/mode_pidt_tw.o
 .text.pid_report_callback
                0x00000000080045a8      0x13c Core/Src/application/mode/mode_pidt/mode_pidt_tw.o
 .text.mode_pidt_init
                0x00000000080046e4       0xd0 Core/Src/application/mode/mode_pidt/mode_pidt_tw.o
                0x00000000080046e4                mode_pidt_init
 .text.mode_pidt_deinit
                0x00000000080047b4       0x54 Core/Src/application/mode/mode_pidt/mode_pidt_tw.o
                0x00000000080047b4                mode_pidt_deinit
 .text.on_mode_pidt_mavlink_recv
                0x0000000008004808      0x204 Core/Src/application/mode/mode_pidt/mode_pidt_tw.o
                0x0000000008004808                on_mode_pidt_mavlink_recv
 .text.crc_accumulate
                0x0000000008004a0c       0x62 Core/Src/application/mode/mode_run/mode_run_tw.o
 .text.crc_init
                0x0000000008004a6e       0x1a Core/Src/application/mode/mode_run/mode_run_tw.o
 .text.crc_calculate
                0x0000000008004a88       0x40 Core/Src/application/mode/mode_run/mode_run_tw.o
 .text.crc_accumulate_buffer
                0x0000000008004ac8       0x36 Core/Src/application/mode/mode_run/mode_run_tw.o
 *fill*         0x0000000008004afe        0x2 
 .text.mavlink_get_channel_status
                0x0000000008004b00       0x28 Core/Src/application/mode/mode_run/mode_run_tw.o
 .text.mavlink_finalize_message_chan
                0x0000000008004b28       0xd4 Core/Src/application/mode/mode_run/mode_run_tw.o
 .text.mavlink_finalize_message
                0x0000000008004bfc       0x3c Core/Src/application/mode/mode_run/mode_run_tw.o
 .text.mavlink_msg_to_send_buffer
                0x0000000008004c38       0x5a Core/Src/application/mode/mode_run/mode_run_tw.o
 .text.mavlink_msg_cmd_velocity_decode
                0x0000000008004c92       0x36 Core/Src/application/mode/mode_run/mode_run_tw.o
 .text.mavlink_msg_evt_tilt_pack
                0x0000000008004cc8       0x42 Core/Src/application/mode/mode_run/mode_run_tw.o
 *fill*         0x0000000008004d0a        0x2 
 .text.tilt_controller_callback
                0x0000000008004d0c       0xf8 Core/Src/application/mode/mode_run/mode_run_tw.o
 .text.vel_controller_callback
                0x0000000008004e04       0x9c Core/Src/application/mode/mode_run/mode_run_tw.o
 .text.tilt_report_callback
                0x0000000008004ea0       0x94 Core/Src/application/mode/mode_run/mode_run_tw.o
 .text.mode_run_init
                0x0000000008004f34       0xb4 Core/Src/application/mode/mode_run/mode_run_tw.o
                0x0000000008004f34                mode_run_init
 .text.mode_run_deinit
                0x0000000008004fe8       0x44 Core/Src/application/mode/mode_run/mode_run_tw.o
                0x0000000008004fe8                mode_run_deinit
 *fill*         0x000000000800502c        0x4 
 .text.on_mode_run_mavlink_recv
                0x0000000008005030      0x19c Core/Src/application/mode/mode_run/mode_run_tw.o
                0x0000000008005030                on_mode_run_mavlink_recv
 .text.motors_init
                0x00000000080051cc       0x9c Core/Src/application/motors/motors.o
                0x00000000080051cc                motors_init
 .text.motors_deinit
                0x0000000008005268       0x3c Core/Src/application/motors/motors.o
                0x0000000008005268                motors_deinit
 .text.motor0_setspeed
                0x00000000080052a4       0x5c Core/Src/application/motors/motors.o
 .text.motor0_setspeed_invert
                0x0000000008005300       0x5c Core/Src/application/motors/motors.o
 .text.motor1_setspeed
                0x000000000800535c       0x58 Core/Src/application/motors/motors.o
 .text.motor1_setspeed_invert
                0x00000000080053b4       0x58 Core/Src/application/motors/motors.o
 .text.motors_setspeed
                0x000000000800540c       0xc8 Core/Src/application/motors/motors.o
                0x000000000800540c                motors_setspeed
 .text.HAL_TIM_PWM_PulseFinishedCallback
                0x00000000080054d4      0x10c Core/Src/application/neopixel/abs/port.o
                0x00000000080054d4                HAL_TIM_PWM_PulseFinishedCallback
 .text.write    0x00000000080055e0       0x34 Core/Src/application/params/params.o
 .text.read     0x0000000008005614       0x2c Core/Src/application/params/params.o
 .text.params_save
                0x0000000008005640      0x17c Core/Src/application/params/params.o
                0x0000000008005640                params_save
 .text.params_load
                0x00000000080057bc      0x15c Core/Src/application/params/params.o
                0x00000000080057bc                params_load
 .text.pid_compute
                0x0000000008005918      0x1b4 Core/Src/application/pid/pid.o
                0x0000000008005918                pid_compute
 .text.pid_reset
                0x0000000008005acc       0x4a Core/Src/application/pid/pid.o
                0x0000000008005acc                pid_reset
 *fill*         0x0000000008005b16        0x2 
 .text.timer_init
                0x0000000008005b18       0x14 Core/Src/application/timer/timer.o
                0x0000000008005b18                timer_init
 .text.timer_register_callback
                0x0000000008005b2c       0xa0 Core/Src/application/timer/timer.o
                0x0000000008005b2c                timer_register_callback
 .text.timer_unregister_callback
                0x0000000008005bcc       0x34 Core/Src/application/timer/timer.o
                0x0000000008005bcc                timer_unregister_callback
 .text.user_systick
                0x0000000008005c00       0xb0 Core/Src/application/timer/timer.o
                0x0000000008005c00                user_systick
 .text.HAL_TIM_PeriodElapsedCallback
                0x0000000008005cb0       0x28 Core/Src/application/timer/timer.o
                0x0000000008005cb0                HAL_TIM_PeriodElapsedCallback
 .text.MX_DMA_Init
                0x0000000008005cd8       0x6c Core/Src/dma.o
                0x0000000008005cd8                MX_DMA_Init
 .text.MX_GPIO_Init
                0x0000000008005d44      0x16c Core/Src/gpio.o
                0x0000000008005d44                MX_GPIO_Init
 .text.MX_I2C1_Init
                0x0000000008005eb0       0x5c Core/Src/i2c.o
                0x0000000008005eb0                MX_I2C1_Init
 .text.HAL_I2C_MspInit
                0x0000000008005f0c       0xa0 Core/Src/i2c.o
                0x0000000008005f0c                HAL_I2C_MspInit
 .text.main     0x0000000008005fac       0x42 Core/Src/main.o
                0x0000000008005fac                main
 .text.SystemClock_Config
                0x0000000008005fee       0x82 Core/Src/main.o
                0x0000000008005fee                SystemClock_Config
 .text.Error_Handler
                0x0000000008006070        0x8 Core/Src/main.o
                0x0000000008006070                Error_Handler
 .text.MX_SPI1_Init
                0x0000000008006078       0x6c Core/Src/spi.o
                0x0000000008006078                MX_SPI1_Init
 .text.MX_SPI2_Init
                0x00000000080060e4       0x6c Core/Src/spi.o
                0x00000000080060e4                MX_SPI2_Init
 .text.HAL_SPI_MspInit
                0x0000000008006150      0x128 Core/Src/spi.o
                0x0000000008006150                HAL_SPI_MspInit
 .text.HAL_MspInit
                0x0000000008006278       0x64 Core/Src/stm32f1xx_hal_msp.o
                0x0000000008006278                HAL_MspInit
 .text.NMI_Handler
                0x00000000080062dc        0x6 Core/Src/stm32f1xx_it.o
                0x00000000080062dc                NMI_Handler
 .text.HardFault_Handler
                0x00000000080062e2        0x6 Core/Src/stm32f1xx_it.o
                0x00000000080062e2                HardFault_Handler
 .text.MemManage_Handler
                0x00000000080062e8        0x6 Core/Src/stm32f1xx_it.o
                0x00000000080062e8                MemManage_Handler
 .text.BusFault_Handler
                0x00000000080062ee        0x6 Core/Src/stm32f1xx_it.o
                0x00000000080062ee                BusFault_Handler
 .text.UsageFault_Handler
                0x00000000080062f4        0x6 Core/Src/stm32f1xx_it.o
                0x00000000080062f4                UsageFault_Handler
 .text.SVC_Handler
                0x00000000080062fa        0xc Core/Src/stm32f1xx_it.o
                0x00000000080062fa                SVC_Handler
 .text.DebugMon_Handler
                0x0000000008006306        0xc Core/Src/stm32f1xx_it.o
                0x0000000008006306                DebugMon_Handler
 .text.PendSV_Handler
                0x0000000008006312        0xc Core/Src/stm32f1xx_it.o
                0x0000000008006312                PendSV_Handler
 .text.SysTick_Handler
                0x000000000800631e        0xc Core/Src/stm32f1xx_it.o
                0x000000000800631e                SysTick_Handler
 *fill*         0x000000000800632a        0x2 
 .text.DMA1_Channel2_IRQHandler
                0x000000000800632c       0x14 Core/Src/stm32f1xx_it.o
                0x000000000800632c                DMA1_Channel2_IRQHandler
 .text.DMA1_Channel3_IRQHandler
                0x0000000008006340       0x14 Core/Src/stm32f1xx_it.o
                0x0000000008006340                DMA1_Channel3_IRQHandler
 .text.DMA1_Channel6_IRQHandler
                0x0000000008006354       0x14 Core/Src/stm32f1xx_it.o
                0x0000000008006354                DMA1_Channel6_IRQHandler
 .text.DMA1_Channel7_IRQHandler
                0x0000000008006368       0x14 Core/Src/stm32f1xx_it.o
                0x0000000008006368                DMA1_Channel7_IRQHandler
 .text.TIM1_UP_IRQHandler
                0x000000000800637c       0x14 Core/Src/stm32f1xx_it.o
                0x000000000800637c                TIM1_UP_IRQHandler
 .text.USART2_IRQHandler
                0x0000000008006390       0x14 Core/Src/stm32f1xx_it.o
                0x0000000008006390                USART2_IRQHandler
 .text.USART3_IRQHandler
                0x00000000080063a4       0x14 Core/Src/stm32f1xx_it.o
                0x00000000080063a4                USART3_IRQHandler
 .text.SystemInit
                0x00000000080063b8        0xc Core/Src/system_stm32f1xx.o
                0x00000000080063b8                SystemInit
 .text.MX_TIM1_Init
                0x00000000080063c4      0x140 Core/Src/tim.o
                0x00000000080063c4                MX_TIM1_Init
 .text.MX_TIM2_Init
                0x0000000008006504      0x100 Core/Src/tim.o
                0x0000000008006504                MX_TIM2_Init
 .text.MX_TIM3_Init
                0x0000000008006604       0xa8 Core/Src/tim.o
                0x0000000008006604                MX_TIM3_Init
 .text.MX_TIM4_Init
                0x00000000080066ac       0xa8 Core/Src/tim.o
                0x00000000080066ac                MX_TIM4_Init
 .text.HAL_TIM_Base_MspInit
                0x0000000008006754       0x70 Core/Src/tim.o
                0x0000000008006754                HAL_TIM_Base_MspInit
 .text.HAL_TIM_Encoder_MspInit
                0x00000000080067c4       0xd8 Core/Src/tim.o
                0x00000000080067c4                HAL_TIM_Encoder_MspInit
 .text.HAL_TIM_MspPostInit
                0x000000000800689c       0xa4 Core/Src/tim.o
                0x000000000800689c                HAL_TIM_MspPostInit
 .text.MX_USART1_UART_Init
                0x0000000008006940       0x54 Core/Src/usart.o
                0x0000000008006940                MX_USART1_UART_Init
 .text.MX_USART2_UART_Init
                0x0000000008006994       0x54 Core/Src/usart.o
                0x0000000008006994                MX_USART2_UART_Init
 .text.MX_USART3_UART_Init
                0x00000000080069e8       0x54 Core/Src/usart.o
                0x00000000080069e8                MX_USART3_UART_Init
 .text.HAL_UART_MspInit
                0x0000000008006a3c      0x2f8 Core/Src/usart.o
                0x0000000008006a3c                HAL_UART_MspInit
 .text.Reset_Handler
                0x0000000008006d34       0x48 Core/Startup/startup_stm32f103c8tx.o
                0x0000000008006d34                Reset_Handler
 .text.Default_Handler
                0x0000000008006d7c        0x2 Core/Startup/startup_stm32f103c8tx.o
                0x0000000008006d7c                RTC_Alarm_IRQHandler
                0x0000000008006d7c                EXTI2_IRQHandler
                0x0000000008006d7c                TIM1_CC_IRQHandler
                0x0000000008006d7c                PVD_IRQHandler
                0x0000000008006d7c                EXTI3_IRQHandler
                0x0000000008006d7c                EXTI0_IRQHandler
                0x0000000008006d7c                I2C2_EV_IRQHandler
                0x0000000008006d7c                ADC1_2_IRQHandler
                0x0000000008006d7c                SPI1_IRQHandler
                0x0000000008006d7c                TAMPER_IRQHandler
                0x0000000008006d7c                DMA1_Channel4_IRQHandler
                0x0000000008006d7c                RTC_IRQHandler
                0x0000000008006d7c                CAN1_RX1_IRQHandler
                0x0000000008006d7c                TIM4_IRQHandler
                0x0000000008006d7c                I2C1_EV_IRQHandler
                0x0000000008006d7c                TIM3_IRQHandler
                0x0000000008006d7c                RCC_IRQHandler
                0x0000000008006d7c                TIM1_TRG_COM_IRQHandler
                0x0000000008006d7c                DMA1_Channel1_IRQHandler
                0x0000000008006d7c                Default_Handler
                0x0000000008006d7c                EXTI15_10_IRQHandler
                0x0000000008006d7c                EXTI9_5_IRQHandler
                0x0000000008006d7c                SPI2_IRQHandler
                0x0000000008006d7c                DMA1_Channel5_IRQHandler
                0x0000000008006d7c                EXTI4_IRQHandler
                0x0000000008006d7c                USB_LP_CAN1_RX0_IRQHandler
                0x0000000008006d7c                USB_HP_CAN1_TX_IRQHandler
                0x0000000008006d7c                WWDG_IRQHandler
                0x0000000008006d7c                TIM2_IRQHandler
                0x0000000008006d7c                TIM1_BRK_IRQHandler
                0x0000000008006d7c                EXTI1_IRQHandler
                0x0000000008006d7c                I2C2_ER_IRQHandler
                0x0000000008006d7c                CAN1_SCE_IRQHandler
                0x0000000008006d7c                FLASH_IRQHandler
                0x0000000008006d7c                USART1_IRQHandler
                0x0000000008006d7c                I2C1_ER_IRQHandler
                0x0000000008006d7c                USBWakeUp_IRQHandler
 *fill*         0x0000000008006d7e        0x2 
 .text.HAL_Init
                0x0000000008006d80       0x2c Drivers/STM32F1xx_HAL_Driver/Src/stm32f1xx_hal.o
                0x0000000008006d80                HAL_Init
 .text.HAL_InitTick
                0x0000000008006dac       0x60 Drivers/STM32F1xx_HAL_Driver/Src/stm32f1xx_hal.o
                0x0000000008006dac                HAL_InitTick
 .text.HAL_IncTick
                0x0000000008006e0c       0x24 Drivers/STM32F1xx_HAL_Driver/Src/stm32f1xx_hal.o
                0x0000000008006e0c                HAL_IncTick
 .text.HAL_GetTick
                0x0000000008006e30       0x14 Drivers/STM32F1xx_HAL_Driver/Src/stm32f1xx_hal.o
                0x0000000008006e30                HAL_GetTick
 .text.HAL_Delay
                0x0000000008006e44       0x44 Drivers/STM32F1xx_HAL_Driver/Src/stm32f1xx_hal.o
                0x0000000008006e44                HAL_Delay
 .text.__NVIC_SetPriorityGrouping
                0x0000000008006e88       0x48 Drivers/STM32F1xx_HAL_Driver/Src/stm32f1xx_hal_cortex.o
 .text.__NVIC_GetPriorityGrouping
                0x0000000008006ed0       0x1c Drivers/STM32F1xx_HAL_Driver/Src/stm32f1xx_hal_cortex.o
 .text.__NVIC_EnableIRQ
                0x0000000008006eec       0x38 Drivers/STM32F1xx_HAL_Driver/Src/stm32f1xx_hal_cortex.o
 .text.__NVIC_SetPriority
                0x0000000008006f24       0x54 Drivers/STM32F1xx_HAL_Driver/Src/stm32f1xx_hal_cortex.o
 .text.NVIC_EncodePriority
                0x0000000008006f78       0x64 Drivers/STM32F1xx_HAL_Driver/Src/stm32f1xx_hal_cortex.o
 .text.SysTick_Config
                0x0000000008006fdc       0x44 Drivers/STM32F1xx_HAL_Driver/Src/stm32f1xx_hal_cortex.o
 .text.HAL_NVIC_SetPriorityGrouping
                0x0000000008007020       0x16 Drivers/STM32F1xx_HAL_Driver/Src/stm32f1xx_hal_cortex.o
                0x0000000008007020                HAL_NVIC_SetPriorityGrouping
 .text.HAL_NVIC_SetPriority
                0x0000000008007036       0x38 Drivers/STM32F1xx_HAL_Driver/Src/stm32f1xx_hal_cortex.o
                0x0000000008007036                HAL_NVIC_SetPriority
 .text.HAL_NVIC_EnableIRQ
                0x000000000800706e       0x1c Drivers/STM32F1xx_HAL_Driver/Src/stm32f1xx_hal_cortex.o
                0x000000000800706e                HAL_NVIC_EnableIRQ
 .text.HAL_SYSTICK_Config
                0x000000000800708a       0x18 Drivers/STM32F1xx_HAL_Driver/Src/stm32f1xx_hal_cortex.o
                0x000000000800708a                HAL_SYSTICK_Config
 *fill*         0x00000000080070a2        0x2 
 .text.HAL_DMA_Init
                0x00000000080070a4       0xb4 Drivers/STM32F1xx_HAL_Driver/Src/stm32f1xx_hal_dma.o
                0x00000000080070a4                HAL_DMA_Init
 .text.HAL_DMA_Start_IT
                0x0000000008007158       0xbe Drivers/STM32F1xx_HAL_Driver/Src/stm32f1xx_hal_dma.o
                0x0000000008007158                HAL_DMA_Start_IT
 *fill*         0x0000000008007216        0x2 
 .text.HAL_DMA_Abort_IT
                0x0000000008007218       0xec Drivers/STM32F1xx_HAL_Driver/Src/stm32f1xx_hal_dma.o
                0x0000000008007218                HAL_DMA_Abort_IT
 .text.HAL_DMA_IRQHandler
                0x0000000008007304      0x20c Drivers/STM32F1xx_HAL_Driver/Src/stm32f1xx_hal_dma.o
                0x0000000008007304                HAL_DMA_IRQHandler
 .text.DMA_SetConfig
                0x0000000008007510       0x5a Drivers/STM32F1xx_HAL_Driver/Src/stm32f1xx_hal_dma.o
 *fill*         0x000000000800756a        0x2 
 .text.HAL_FLASH_Program
                0x000000000800756c       0xe0 Drivers/STM32F1xx_HAL_Driver/Src/stm32f1xx_hal_flash.o
                0x000000000800756c                HAL_FLASH_Program
 .text.HAL_FLASH_Unlock
                0x000000000800764c       0x4c Drivers/STM32F1xx_HAL_Driver/Src/stm32f1xx_hal_flash.o
                0x000000000800764c                HAL_FLASH_Unlock
 .text.HAL_FLASH_Lock
                0x0000000008007698       0x20 Drivers/STM32F1xx_HAL_Driver/Src/stm32f1xx_hal_flash.o
                0x0000000008007698                HAL_FLASH_Lock
 .text.FLASH_Program_HalfWord
                0x00000000080076b8       0x38 Drivers/STM32F1xx_HAL_Driver/Src/stm32f1xx_hal_flash.o
 .text.FLASH_WaitForLastOperation
                0x00000000080076f0       0x8c Drivers/STM32F1xx_HAL_Driver/Src/stm32f1xx_hal_flash.o
                0x00000000080076f0                FLASH_WaitForLastOperation
 .text.FLASH_SetErrorCode
                0x000000000800777c       0xa0 Drivers/STM32F1xx_HAL_Driver/Src/stm32f1xx_hal_flash.o
 .text.HAL_FLASHEx_Erase
                0x000000000800781c       0xd8 Drivers/STM32F1xx_HAL_Driver/Src/stm32f1xx_hal_flash_ex.o
                0x000000000800781c                HAL_FLASHEx_Erase
 .text.FLASH_MassErase
                0x00000000080078f4       0x38 Drivers/STM32F1xx_HAL_Driver/Src/stm32f1xx_hal_flash_ex.o
 .text.FLASH_PageErase
                0x000000000800792c       0x40 Drivers/STM32F1xx_HAL_Driver/Src/stm32f1xx_hal_flash_ex.o
                0x000000000800792c                FLASH_PageErase
 .text.HAL_GPIO_Init
                0x000000000800796c      0x2b4 Drivers/STM32F1xx_HAL_Driver/Src/stm32f1xx_hal_gpio.o
                0x000000000800796c                HAL_GPIO_Init
 .text.HAL_GPIO_WritePin
                0x0000000008007c20       0x30 Drivers/STM32F1xx_HAL_Driver/Src/stm32f1xx_hal_gpio.o
                0x0000000008007c20                HAL_GPIO_WritePin
 .text.HAL_GPIO_TogglePin
                0x0000000008007c50       0x32 Drivers/STM32F1xx_HAL_Driver/Src/stm32f1xx_hal_gpio.o
                0x0000000008007c50                HAL_GPIO_TogglePin
 *fill*         0x0000000008007c82        0x2 
 .text.HAL_I2C_Init
                0x0000000008007c84      0x270 Drivers/STM32F1xx_HAL_Driver/Src/stm32f1xx_hal_i2c.o
                0x0000000008007c84                HAL_I2C_Init
 .text.HAL_I2C_Mem_Write
                0x0000000008007ef4      0x1f4 Drivers/STM32F1xx_HAL_Driver/Src/stm32f1xx_hal_i2c.o
                0x0000000008007ef4                HAL_I2C_Mem_Write
 .text.HAL_I2C_Mem_Read
                0x00000000080080e8      0x4c4 Drivers/STM32F1xx_HAL_Driver/Src/stm32f1xx_hal_i2c.o
                0x00000000080080e8                HAL_I2C_Mem_Read
 .text.I2C_RequestMemoryWrite
                0x00000000080085ac      0x12c Drivers/STM32F1xx_HAL_Driver/Src/stm32f1xx_hal_i2c.o
 .text.I2C_RequestMemoryRead
                0x00000000080086d8      0x1d0 Drivers/STM32F1xx_HAL_Driver/Src/stm32f1xx_hal_i2c.o
 .text.I2C_WaitOnFlagUntilTimeout
                0x00000000080088a8       0xae Drivers/STM32F1xx_HAL_Driver/Src/stm32f1xx_hal_i2c.o
 .text.I2C_WaitOnMasterAddressFlagUntilTimeout
                0x0000000008008956       0xfe Drivers/STM32F1xx_HAL_Driver/Src/stm32f1xx_hal_i2c.o
 .text.I2C_WaitOnTXEFlagUntilTimeout
                0x0000000008008a54       0x82 Drivers/STM32F1xx_HAL_Driver/Src/stm32f1xx_hal_i2c.o
 .text.I2C_WaitOnBTFFlagUntilTimeout
                0x0000000008008ad6       0x82 Drivers/STM32F1xx_HAL_Driver/Src/stm32f1xx_hal_i2c.o
 .text.I2C_WaitOnRXNEFlagUntilTimeout
                0x0000000008008b58       0xac Drivers/STM32F1xx_HAL_Driver/Src/stm32f1xx_hal_i2c.o
 .text.I2C_IsAcknowledgeFailed
                0x0000000008008c04       0x5c Drivers/STM32F1xx_HAL_Driver/Src/stm32f1xx_hal_i2c.o
 .text.HAL_RCC_OscConfig
                0x0000000008008c60      0x500 Drivers/STM32F1xx_HAL_Driver/Src/stm32f1xx_hal_rcc.o
                0x0000000008008c60                HAL_RCC_OscConfig
 .text.HAL_RCC_ClockConfig
                0x0000000008009160      0x1d4 Drivers/STM32F1xx_HAL_Driver/Src/stm32f1xx_hal_rcc.o
                0x0000000008009160                HAL_RCC_ClockConfig
 .text.HAL_RCC_GetSysClockFreq
                0x0000000008009334       0xc4 Drivers/STM32F1xx_HAL_Driver/Src/stm32f1xx_hal_rcc.o
                0x0000000008009334                HAL_RCC_GetSysClockFreq
 .text.HAL_RCC_GetHCLKFreq
                0x00000000080093f8       0x14 Drivers/STM32F1xx_HAL_Driver/Src/stm32f1xx_hal_rcc.o
                0x00000000080093f8                HAL_RCC_GetHCLKFreq
 .text.HAL_RCC_GetPCLK1Freq
                0x000000000800940c       0x28 Drivers/STM32F1xx_HAL_Driver/Src/stm32f1xx_hal_rcc.o
                0x000000000800940c                HAL_RCC_GetPCLK1Freq
 .text.HAL_RCC_GetPCLK2Freq
                0x0000000008009434       0x28 Drivers/STM32F1xx_HAL_Driver/Src/stm32f1xx_hal_rcc.o
                0x0000000008009434                HAL_RCC_GetPCLK2Freq
 .text.RCC_Delay
                0x000000000800945c       0x3c Drivers/STM32F1xx_HAL_Driver/Src/stm32f1xx_hal_rcc.o
 .text.HAL_SPI_Init
                0x0000000008009498      0x108 Drivers/STM32F1xx_HAL_Driver/Src/stm32f1xx_hal_spi.o
                0x0000000008009498                HAL_SPI_Init
 .text.HAL_TIM_Base_Init
                0x00000000080095a0       0x9e Drivers/STM32F1xx_HAL_Driver/Src/stm32f1xx_hal_tim.o
                0x00000000080095a0                HAL_TIM_Base_Init
 *fill*         0x000000000800963e        0x2 
 .text.HAL_TIM_Base_Start_IT
                0x0000000008009640       0xa4 Drivers/STM32F1xx_HAL_Driver/Src/stm32f1xx_hal_tim.o
                0x0000000008009640                HAL_TIM_Base_Start_IT
 .text.HAL_TIM_PWM_Init
                0x00000000080096e4       0x9e Drivers/STM32F1xx_HAL_Driver/Src/stm32f1xx_hal_tim.o
                0x00000000080096e4                HAL_TIM_PWM_Init
 .text.HAL_TIM_PWM_MspInit
                0x0000000008009782       0x12 Drivers/STM32F1xx_HAL_Driver/Src/stm32f1xx_hal_tim.o
                0x0000000008009782                HAL_TIM_PWM_MspInit
 .text.HAL_TIM_PWM_Start
                0x0000000008009794      0x144 Drivers/STM32F1xx_HAL_Driver/Src/stm32f1xx_hal_tim.o
                0x0000000008009794                HAL_TIM_PWM_Start
 .text.HAL_TIM_PWM_Stop_DMA
                0x00000000080098d8      0x17c Drivers/STM32F1xx_HAL_Driver/Src/stm32f1xx_hal_tim.o
                0x00000000080098d8                HAL_TIM_PWM_Stop_DMA
 .text.HAL_TIM_Encoder_Init
                0x0000000008009a54      0x144 Drivers/STM32F1xx_HAL_Driver/Src/stm32f1xx_hal_tim.o
                0x0000000008009a54                HAL_TIM_Encoder_Init
 .text.HAL_TIM_Encoder_Start
                0x0000000008009b98      0x11a Drivers/STM32F1xx_HAL_Driver/Src/stm32f1xx_hal_tim.o
                0x0000000008009b98                HAL_TIM_Encoder_Start
 .text.HAL_TIM_IRQHandler
                0x0000000008009cb2      0x210 Drivers/STM32F1xx_HAL_Driver/Src/stm32f1xx_hal_tim.o
                0x0000000008009cb2                HAL_TIM_IRQHandler
 *fill*         0x0000000008009ec2        0x2 
 .text.HAL_TIM_PWM_ConfigChannel
                0x0000000008009ec4      0x17c Drivers/STM32F1xx_HAL_Driver/Src/stm32f1xx_hal_tim.o
                0x0000000008009ec4                HAL_TIM_PWM_ConfigChannel
 .text.HAL_TIM_ConfigClockSource
                0x000000000800a040      0x16e Drivers/STM32F1xx_HAL_Driver/Src/stm32f1xx_hal_tim.o
                0x000000000800a040                HAL_TIM_ConfigClockSource
 .text.HAL_TIM_OC_DelayElapsedCallback
                0x000000000800a1ae       0x12 Drivers/STM32F1xx_HAL_Driver/Src/stm32f1xx_hal_tim.o
                0x000000000800a1ae                HAL_TIM_OC_DelayElapsedCallback
 .text.HAL_TIM_IC_CaptureCallback
                0x000000000800a1c0       0x12 Drivers/STM32F1xx_HAL_Driver/Src/stm32f1xx_hal_tim.o
                0x000000000800a1c0                HAL_TIM_IC_CaptureCallback
 .text.HAL_TIM_TriggerCallback
                0x000000000800a1d2       0x12 Drivers/STM32F1xx_HAL_Driver/Src/stm32f1xx_hal_tim.o
                0x000000000800a1d2                HAL_TIM_TriggerCallback
 .text.TIM_Base_SetConfig
                0x000000000800a1e4       0xc4 Drivers/STM32F1xx_HAL_Driver/Src/stm32f1xx_hal_tim.o
                0x000000000800a1e4                TIM_Base_SetConfig
 .text.TIM_OC1_SetConfig
                0x000000000800a2a8       0xcc Drivers/STM32F1xx_HAL_Driver/Src/stm32f1xx_hal_tim.o
 .text.TIM_OC2_SetConfig
                0x000000000800a374       0xd4 Drivers/STM32F1xx_HAL_Driver/Src/stm32f1xx_hal_tim.o
                0x000000000800a374                TIM_OC2_SetConfig
 .text.TIM_OC3_SetConfig
                0x000000000800a448       0xd4 Drivers/STM32F1xx_HAL_Driver/Src/stm32f1xx_hal_tim.o
 .text.TIM_OC4_SetConfig
                0x000000000800a51c       0x9c Drivers/STM32F1xx_HAL_Driver/Src/stm32f1xx_hal_tim.o
 .text.TIM_TI1_ConfigInputStage
                0x000000000800a5b8       0x5c Drivers/STM32F1xx_HAL_Driver/Src/stm32f1xx_hal_tim.o
 .text.TIM_TI2_ConfigInputStage
                0x000000000800a614       0x5e Drivers/STM32F1xx_HAL_Driver/Src/stm32f1xx_hal_tim.o
 .text.TIM_ITRx_SetConfig
                0x000000000800a672       0x34 Drivers/STM32F1xx_HAL_Driver/Src/stm32f1xx_hal_tim.o
 .text.TIM_ETR_SetConfig
                0x000000000800a6a6       0x3e Drivers/STM32F1xx_HAL_Driver/Src/stm32f1xx_hal_tim.o
                0x000000000800a6a6                TIM_ETR_SetConfig
 .text.TIM_CCxChannelCmd
                0x000000000800a6e4       0x48 Drivers/STM32F1xx_HAL_Driver/Src/stm32f1xx_hal_tim.o
                0x000000000800a6e4                TIM_CCxChannelCmd
 .text.HAL_TIMEx_MasterConfigSynchronization
                0x000000000800a72c       0xbc Drivers/STM32F1xx_HAL_Driver/Src/stm32f1xx_hal_tim_ex.o
                0x000000000800a72c                HAL_TIMEx_MasterConfigSynchronization
 .text.HAL_TIMEx_ConfigBreakDeadTime
                0x000000000800a7e8       0xa2 Drivers/STM32F1xx_HAL_Driver/Src/stm32f1xx_hal_tim_ex.o
                0x000000000800a7e8                HAL_TIMEx_ConfigBreakDeadTime
 .text.HAL_TIMEx_CommutCallback
                0x000000000800a88a       0x12 Drivers/STM32F1xx_HAL_Driver/Src/stm32f1xx_hal_tim_ex.o
                0x000000000800a88a                HAL_TIMEx_CommutCallback
 .text.HAL_TIMEx_BreakCallback
                0x000000000800a89c       0x12 Drivers/STM32F1xx_HAL_Driver/Src/stm32f1xx_hal_tim_ex.o
                0x000000000800a89c                HAL_TIMEx_BreakCallback
 .text.HAL_UART_Init
                0x000000000800a8ae       0x9a Drivers/STM32F1xx_HAL_Driver/Src/stm32f1xx_hal_uart.o
                0x000000000800a8ae                HAL_UART_Init
 .text.HAL_UART_Transmit_DMA
                0x000000000800a948       0xd8 Drivers/STM32F1xx_HAL_Driver/Src/stm32f1xx_hal_uart.o
                0x000000000800a948                HAL_UART_Transmit_DMA
 .text.HAL_UART_Receive_DMA
                0x000000000800aa20      0x100 Drivers/STM32F1xx_HAL_Driver/Src/stm32f1xx_hal_uart.o
                0x000000000800aa20                HAL_UART_Receive_DMA
 .text.HAL_UART_IRQHandler
                0x000000000800ab20      0x200 Drivers/STM32F1xx_HAL_Driver/Src/stm32f1xx_hal_uart.o
                0x000000000800ab20                HAL_UART_IRQHandler
 .text.HAL_UART_TxHalfCpltCallback
                0x000000000800ad20       0x12 Drivers/STM32F1xx_HAL_Driver/Src/stm32f1xx_hal_uart.o
                0x000000000800ad20                HAL_UART_TxHalfCpltCallback
 .text.HAL_UART_ErrorCallback
                0x000000000800ad32       0x12 Drivers/STM32F1xx_HAL_Driver/Src/stm32f1xx_hal_uart.o
                0x000000000800ad32                HAL_UART_ErrorCallback
 .text.UART_DMATransmitCplt
                0x000000000800ad44       0x52 Drivers/STM32F1xx_HAL_Driver/Src/stm32f1xx_hal_uart.o
 .text.UART_DMATxHalfCplt
                0x000000000800ad96       0x1c Drivers/STM32F1xx_HAL_Driver/Src/stm32f1xx_hal_uart.o
 .text.UART_DMAReceiveCplt
                0x000000000800adb2       0x68 Drivers/STM32F1xx_HAL_Driver/Src/stm32f1xx_hal_uart.o
 .text.UART_DMARxHalfCplt
                0x000000000800ae1a       0x1c Drivers/STM32F1xx_HAL_Driver/Src/stm32f1xx_hal_uart.o
 .text.UART_DMAError
                0x000000000800ae36       0x94 Drivers/STM32F1xx_HAL_Driver/Src/stm32f1xx_hal_uart.o
 .text.UART_EndTxTransfer
                0x000000000800aeca       0x2a Drivers/STM32F1xx_HAL_Driver/Src/stm32f1xx_hal_uart.o
 .text.UART_EndRxTransfer
                0x000000000800aef4       0x3a Drivers/STM32F1xx_HAL_Driver/Src/stm32f1xx_hal_uart.o
 .text.UART_DMAAbortOnError
                0x000000000800af2e       0x28 Drivers/STM32F1xx_HAL_Driver/Src/stm32f1xx_hal_uart.o
 .text.UART_Transmit_IT
                0x000000000800af56       0x9e Drivers/STM32F1xx_HAL_Driver/Src/stm32f1xx_hal_uart.o
 .text.UART_EndTransmit_IT
                0x000000000800aff4       0x30 Drivers/STM32F1xx_HAL_Driver/Src/stm32f1xx_hal_uart.o
 .text.UART_Receive_IT
                0x000000000800b024      0x100 Drivers/STM32F1xx_HAL_Driver/Src/stm32f1xx_hal_uart.o
 .text.UART_SetConfig
                0x000000000800b124      0x11c Drivers/STM32F1xx_HAL_Driver/Src/stm32f1xx_hal_uart.o
 .text.__errno  0x000000000800b240        0xc e:/stmicroelectronics/stm32cubeide_1.5.1/stm32cubeide/plugins/com.st.stm32cube.ide.mcu.externaltools.gnu-tools-for-stm32.7-2018-q2-update.win32_1.5.0.202011040924/tools/bin/../lib/gcc/arm-none-eabi/7.3.1/../../../../arm-none-eabi/lib/thumb/v7-m\libc_nano.a(lib_a-errno.o)
                0x000000000800b240                __errno
 .text.__libc_init_array
                0x000000000800b24c       0x48 e:/stmicroelectronics/stm32cubeide_1.5.1/stm32cubeide/plugins/com.st.stm32cube.ide.mcu.externaltools.gnu-tools-for-stm32.7-2018-q2-update.win32_1.5.0.202011040924/tools/bin/../lib/gcc/arm-none-eabi/7.3.1/../../../../arm-none-eabi/lib/thumb/v7-m\libc_nano.a(lib_a-init.o)
                0x000000000800b24c                __libc_init_array
 .text.memcpy   0x000000000800b294       0x16 e:/stmicroelectronics/stm32cubeide_1.5.1/stm32cubeide/plugins/com.st.stm32cube.ide.mcu.externaltools.gnu-tools-for-stm32.7-2018-q2-update.win32_1.5.0.202011040924/tools/bin/../lib/gcc/arm-none-eabi/7.3.1/../../../../arm-none-eabi/lib/thumb/v7-m\libc_nano.a(lib_a-memcpy-stub.o)
                0x000000000800b294                memcpy
 .text.memset   0x000000000800b2aa       0x10 e:/stmicroelectronics/stm32cubeide_1.5.1/stm32cubeide/plugins/com.st.stm32cube.ide.mcu.externaltools.gnu-tools-for-stm32.7-2018-q2-update.win32_1.5.0.202011040924/tools/bin/../lib/gcc/arm-none-eabi/7.3.1/../../../../arm-none-eabi/lib/thumb/v7-m\libc_nano.a(lib_a-memset.o)
                0x000000000800b2aa                memset
 .text.atan2    0x000000000800b2ba        0x4 e:/stmicroelectronics/stm32cubeide_1.5.1/stm32cubeide/plugins/com.st.stm32cube.ide.mcu.externaltools.gnu-tools-for-stm32.7-2018-q2-update.win32_1.5.0.202011040924/tools/bin/../lib/gcc/arm-none-eabi/7.3.1/../../../../arm-none-eabi/lib/thumb/v7-m\libm.a(lib_a-w_atan2.o)
                0x000000000800b2ba                atan2
 *fill*         0x000000000800b2be        0x2 
 .text.sqrt     0x000000000800b2c0       0xa8 e:/stmicroelectronics/stm32cubeide_1.5.1/stm32cubeide/plugins/com.st.stm32cube.ide.mcu.externaltools.gnu-tools-for-stm32.7-2018-q2-update.win32_1.5.0.202011040924/tools/bin/../lib/gcc/arm-none-eabi/7.3.1/../../../../arm-none-eabi/lib/thumb/v7-m\libm.a(lib_a-w_sqrt.o)
                0x000000000800b2c0                sqrt
 .text.__ieee754_atan2
                0x000000000800b368      0x1bc e:/stmicroelectronics/stm32cubeide_1.5.1/stm32cubeide/plugins/com.st.stm32cube.ide.mcu.externaltools.gnu-tools-for-stm32.7-2018-q2-update.win32_1.5.0.202011040924/tools/bin/../lib/gcc/arm-none-eabi/7.3.1/../../../../arm-none-eabi/lib/thumb/v7-m\libm.a(lib_a-e_atan2.o)
                0x000000000800b368                __ieee754_atan2
 .text.__ieee754_sqrt
                0x000000000800b524      0x158 e:/stmicroelectronics/stm32cubeide_1.5.1/stm32cubeide/plugins/com.st.stm32cube.ide.mcu.externaltools.gnu-tools-for-stm32.7-2018-q2-update.win32_1.5.0.202011040924/tools/bin/../lib/gcc/arm-none-eabi/7.3.1/../../../../arm-none-eabi/lib/thumb/v7-m\libm.a(lib_a-e_sqrt.o)
                0x000000000800b524                __ieee754_sqrt
 *fill*         0x000000000800b67c        0x4 
 .text.atan     0x000000000800b680      0x314 e:/stmicroelectronics/stm32cubeide_1.5.1/stm32cubeide/plugins/com.st.stm32cube.ide.mcu.externaltools.gnu-tools-for-stm32.7-2018-q2-update.win32_1.5.0.202011040924/tools/bin/../lib/gcc/arm-none-eabi/7.3.1/../../../../arm-none-eabi/lib/thumb/v7-m\libm.a(lib_a-s_atan.o)
                0x000000000800b680                atan
 .text.fabs     0x000000000800b994        0x8 e:/stmicroelectronics/stm32cubeide_1.5.1/stm32cubeide/plugins/com.st.stm32cube.ide.mcu.externaltools.gnu-tools-for-stm32.7-2018-q2-update.win32_1.5.0.202011040924/tools/bin/../lib/gcc/arm-none-eabi/7.3.1/../../../../arm-none-eabi/lib/thumb/v7-m\libm.a(lib_a-s_fabs.o)
                0x000000000800b994                fabs
 .text.matherr  0x000000000800b99c        0x4 e:/stmicroelectronics/stm32cubeide_1.5.1/stm32cubeide/plugins/com.st.stm32cube.ide.mcu.externaltools.gnu-tools-for-stm32.7-2018-q2-update.win32_1.5.0.202011040924/tools/bin/../lib/gcc/arm-none-eabi/7.3.1/../../../../arm-none-eabi/lib/thumb/v7-m\libm.a(lib_a-s_matherr.o)
                0x000000000800b99c                matherr
 *(.glue_7)
 .glue_7        0x000000000800b9a0        0x0 linker stubs
 *(.glue_7t)
 .glue_7t       0x000000000800b9a0        0x0 linker stubs
 *(.eh_frame)
 .eh_frame      0x000000000800b9a0        0x0 e:/stmicroelectronics/stm32cubeide_1.5.1/stm32cubeide/plugins/com.st.stm32cube.ide.mcu.externaltools.gnu-tools-for-stm32.7-2018-q2-update.win32_1.5.0.202011040924/tools/bin/../lib/gcc/arm-none-eabi/7.3.1/thumb/v7-m/crtbegin.o
 *(.init)
 .init          0x000000000800b9a0        0x4 e:/stmicroelectronics/stm32cubeide_1.5.1/stm32cubeide/plugins/com.st.stm32cube.ide.mcu.externaltools.gnu-tools-for-stm32.7-2018-q2-update.win32_1.5.0.202011040924/tools/bin/../lib/gcc/arm-none-eabi/7.3.1/thumb/v7-m/crti.o
                0x000000000800b9a0                _init
 .init          0x000000000800b9a4        0x8 e:/stmicroelectronics/stm32cubeide_1.5.1/stm32cubeide/plugins/com.st.stm32cube.ide.mcu.externaltools.gnu-tools-for-stm32.7-2018-q2-update.win32_1.5.0.202011040924/tools/bin/../lib/gcc/arm-none-eabi/7.3.1/thumb/v7-m/crtn.o
 *(.fini)
 .fini          0x000000000800b9ac        0x4 e:/stmicroelectronics/stm32cubeide_1.5.1/stm32cubeide/plugins/com.st.stm32cube.ide.mcu.externaltools.gnu-tools-for-stm32.7-2018-q2-update.win32_1.5.0.202011040924/tools/bin/../lib/gcc/arm-none-eabi/7.3.1/thumb/v7-m/crti.o
                0x000000000800b9ac                _fini
 .fini          0x000000000800b9b0        0x8 e:/stmicroelectronics/stm32cubeide_1.5.1/stm32cubeide/plugins/com.st.stm32cube.ide.mcu.externaltools.gnu-tools-for-stm32.7-2018-q2-update.win32_1.5.0.202011040924/tools/bin/../lib/gcc/arm-none-eabi/7.3.1/thumb/v7-m/crtn.o
                0x000000000800b9b8                . = ALIGN (0x4)
                0x000000000800b9b8                _etext = .

.vfp11_veneer   0x000000000800b9b8        0x0
 .vfp11_veneer  0x000000000800b9b8        0x0 linker stubs

.v4_bx          0x000000000800b9b8        0x0
 .v4_bx         0x000000000800b9b8        0x0 linker stubs

.iplt           0x000000000800b9b8        0x0
 .iplt          0x000000000800b9b8        0x0 e:/stmicroelectronics/stm32cubeide_1.5.1/stm32cubeide/plugins/com.st.stm32cube.ide.mcu.externaltools.gnu-tools-for-stm32.7-2018-q2-update.win32_1.5.0.202011040924/tools/bin/../lib/gcc/arm-none-eabi/7.3.1/thumb/v7-m/crtbegin.o

.rodata         0x000000000800b9b8      0x178
                0x000000000800b9b8                . = ALIGN (0x4)
 *(.rodata)
 .rodata        0x000000000800b9b8       0x12 Drivers/STM32F1xx_HAL_Driver/Src/stm32f1xx_hal_rcc.o
 *(.rodata*)
 *fill*         0x000000000800b9ca        0x2 
 .rodata.mavlink_message_crcs.5306
                0x000000000800b9cc      0x100 Core/Src/application/mav/mav.o
 .rodata.AHBPrescTable
                0x000000000800bacc       0x10 Core/Src/system_stm32f1xx.o
                0x000000000800bacc                AHBPrescTable
 .rodata.APBPrescTable
                0x000000000800badc        0x8 Core/Src/system_stm32f1xx.o
                0x000000000800badc                APBPrescTable
 .rodata.sqrt.str1.1
                0x000000000800bae4        0x5 e:/stmicroelectronics/stm32cubeide_1.5.1/stm32cubeide/plugins/com.st.stm32cube.ide.mcu.externaltools.gnu-tools-for-stm32.7-2018-q2-update.win32_1.5.0.202011040924/tools/bin/../lib/gcc/arm-none-eabi/7.3.1/../../../../arm-none-eabi/lib/thumb/v7-m\libm.a(lib_a-w_sqrt.o)
 *fill*         0x000000000800bae9        0x7 
 .rodata.atanhi
                0x000000000800baf0       0x20 e:/stmicroelectronics/stm32cubeide_1.5.1/stm32cubeide/plugins/com.st.stm32cube.ide.mcu.externaltools.gnu-tools-for-stm32.7-2018-q2-update.win32_1.5.0.202011040924/tools/bin/../lib/gcc/arm-none-eabi/7.3.1/../../../../arm-none-eabi/lib/thumb/v7-m\libm.a(lib_a-s_atan.o)
 .rodata.atanlo
                0x000000000800bb10       0x20 e:/stmicroelectronics/stm32cubeide_1.5.1/stm32cubeide/plugins/com.st.stm32cube.ide.mcu.externaltools.gnu-tools-for-stm32.7-2018-q2-update.win32_1.5.0.202011040924/tools/bin/../lib/gcc/arm-none-eabi/7.3.1/../../../../arm-none-eabi/lib/thumb/v7-m\libm.a(lib_a-s_atan.o)
                0x000000000800bb30                . = ALIGN (0x4)

.rel.dyn        0x000000000800bb30        0x0
 .rel.iplt      0x000000000800bb30        0x0 e:/stmicroelectronics/stm32cubeide_1.5.1/stm32cubeide/plugins/com.st.stm32cube.ide.mcu.externaltools.gnu-tools-for-stm32.7-2018-q2-update.win32_1.5.0.202011040924/tools/bin/../lib/gcc/arm-none-eabi/7.3.1/thumb/v7-m/crtbegin.o

.ARM.extab      0x000000000800bb30        0x0
                0x000000000800bb30                . = ALIGN (0x4)
 *(.ARM.extab* .gnu.linkonce.armextab.*)
                0x000000000800bb30                . = ALIGN (0x4)

.ARM            0x000000000800bb30        0x0
                0x000000000800bb30                . = ALIGN (0x4)
                0x000000000800bb30                __exidx_start = .
 *(.ARM.exidx*)
                0x000000000800bb30                __exidx_end = .
                0x000000000800bb30                . = ALIGN (0x4)

.preinit_array  0x000000000800bb30        0x0
                0x000000000800bb30                . = ALIGN (0x4)
                0x000000000800bb30                PROVIDE (__preinit_array_start = .)
 *(.preinit_array*)
                0x000000000800bb30                PROVIDE (__preinit_array_end = .)
                0x000000000800bb30                . = ALIGN (0x4)

.init_array     0x000000000800bb30        0x4
                0x000000000800bb30                . = ALIGN (0x4)
                0x000000000800bb30                PROVIDE (__init_array_start = .)
 *(SORT_BY_NAME(.init_array.*))
 *(.init_array*)
 .init_array    0x000000000800bb30        0x4 e:/stmicroelectronics/stm32cubeide_1.5.1/stm32cubeide/plugins/com.st.stm32cube.ide.mcu.externaltools.gnu-tools-for-stm32.7-2018-q2-update.win32_1.5.0.202011040924/tools/bin/../lib/gcc/arm-none-eabi/7.3.1/thumb/v7-m/crtbegin.o
                0x000000000800bb34                PROVIDE (__init_array_end = .)
                0x000000000800bb34                . = ALIGN (0x4)

.fini_array     0x000000000800bb34        0x4
                0x000000000800bb34                . = ALIGN (0x4)
                [!provide]                        PROVIDE (__fini_array_start = .)
 *(SORT_BY_NAME(.fini_array.*))
 *(.fini_array*)
 .fini_array    0x000000000800bb34        0x4 e:/stmicroelectronics/stm32cubeide_1.5.1/stm32cubeide/plugins/com.st.stm32cube.ide.mcu.externaltools.gnu-tools-for-stm32.7-2018-q2-update.win32_1.5.0.202011040924/tools/bin/../lib/gcc/arm-none-eabi/7.3.1/thumb/v7-m/crtbegin.o
                [!provide]                        PROVIDE (__fini_array_end = .)
                0x000000000800bb38                . = ALIGN (0x4)
                0x000000000800bb38                _sidata = LOADADDR (.data)

.data           0x0000000020000000     0x1214 load address 0x000000000800bb38
                0x0000000020000000                . = ALIGN (0x4)
                0x0000000020000000                _sdata = .
 *(.data)
 *(.data*)
 .data.gtid_imu_callback
                0x0000000020000000        0x1 Core/Src/application/imu/imu.o
 *fill*         0x0000000020000001        0x3 
 .data.uart_drv
                0x0000000020000004     0x1068 Core/Src/application/mav/mav.o
 .data.gtid_imu_raw
                0x000000002000106c        0x1 Core/Src/application/mode/mode_imu/mode_imu.o
 .data.gtid_imu_result
                0x000000002000106d        0x1 Core/Src/application/mode/mode_imu/mode_imu.o
 .data.gtid_tilt_controller
                0x000000002000106e        0x1 Core/Src/application/mode/mode_pidt/mode_pidt_tw.o
 .data.gtid_vel_controller
                0x000000002000106f        0x1 Core/Src/application/mode/mode_pidt/mode_pidt_tw.o
 .data.gtid_imu_tilt
                0x0000000020001070        0x1 Core/Src/application/mode/mode_pidt/mode_pidt_tw.o
 .data.gtid_pid_report
                0x0000000020001071        0x1 Core/Src/application/mode/mode_pidt/mode_pidt_tw.o
 .data.gtid_tilt_controller
                0x0000000020001072        0x1 Core/Src/application/mode/mode_run/mode_run_tw.o
 .data.gtid_vel_controller
                0x0000000020001073        0x1 Core/Src/application/mode/mode_run/mode_run_tw.o
 .data.gtid_imu_tilt
                0x0000000020001074        0x1 Core/Src/application/mode/mode_run/mode_run_tw.o
 *fill*         0x0000000020001075        0x3 
 .data.params   0x0000000020001078      0x124 Core/Src/application/params/params.o
                0x0000000020001078                params
 .data.address  0x000000002000119c        0x4 Core/Src/application/params/params.o
 .data.SystemCoreClock
                0x00000000200011a0        0x4 Core/Src/system_stm32f1xx.o
                0x00000000200011a0                SystemCoreClock
 .data.uwTickPrio
                0x00000000200011a4        0x4 Drivers/STM32F1xx_HAL_Driver/Src/stm32f1xx_hal.o
                0x00000000200011a4                uwTickPrio
 .data.uwTickFreq
                0x00000000200011a8        0x1 Drivers/STM32F1xx_HAL_Driver/Src/stm32f1xx_hal.o
                0x00000000200011a8                uwTickFreq
 *fill*         0x00000000200011a9        0x3 
 .data._impure_ptr
                0x00000000200011ac        0x4 e:/stmicroelectronics/stm32cubeide_1.5.1/stm32cubeide/plugins/com.st.stm32cube.ide.mcu.externaltools.gnu-tools-for-stm32.7-2018-q2-update.win32_1.5.0.202011040924/tools/bin/../lib/gcc/arm-none-eabi/7.3.1/../../../../arm-none-eabi/lib/thumb/v7-m\libc_nano.a(lib_a-impure.o)
                0x00000000200011ac                _impure_ptr
 .data.impure_data
                0x00000000200011b0       0x60 e:/stmicroelectronics/stm32cubeide_1.5.1/stm32cubeide/plugins/com.st.stm32cube.ide.mcu.externaltools.gnu-tools-for-stm32.7-2018-q2-update.win32_1.5.0.202011040924/tools/bin/../lib/gcc/arm-none-eabi/7.3.1/../../../../arm-none-eabi/lib/thumb/v7-m\libc_nano.a(lib_a-impure.o)
 .data.__fdlib_version
                0x0000000020001210        0x1 e:/stmicroelectronics/stm32cubeide_1.5.1/stm32cubeide/plugins/com.st.stm32cube.ide.mcu.externaltools.gnu-tools-for-stm32.7-2018-q2-update.win32_1.5.0.202011040924/tools/bin/../lib/gcc/arm-none-eabi/7.3.1/../../../../arm-none-eabi/lib/thumb/v7-m\libm.a(lib_a-s_lib_ver.o)
                0x0000000020001210                __fdlib_version
 *(.RamFunc)
 *(.RamFunc*)
                0x0000000020001214                . = ALIGN (0x4)
 *fill*         0x0000000020001211        0x3 
                0x0000000020001214                _edata = .

.igot.plt       0x0000000020001214        0x0 load address 0x000000000800cd4c
 .igot.plt      0x0000000020001214        0x0 e:/stmicroelectronics/stm32cubeide_1.5.1/stm32cubeide/plugins/com.st.stm32cube.ide.mcu.externaltools.gnu-tools-for-stm32.7-2018-q2-update.win32_1.5.0.202011040924/tools/bin/../lib/gcc/arm-none-eabi/7.3.1/thumb/v7-m/crtbegin.o
                0x0000000020001214                . = ALIGN (0x4)

.bss            0x0000000020001218      0xf70 load address 0x000000000800cd4c
                0x0000000020001218                _sbss = .
                0x0000000020001218                __bss_start__ = _sbss
 *(.bss)
 .bss           0x0000000020001218       0x1c e:/stmicroelectronics/stm32cubeide_1.5.1/stm32cubeide/plugins/com.st.stm32cube.ide.mcu.externaltools.gnu-tools-for-stm32.7-2018-q2-update.win32_1.5.0.202011040924/tools/bin/../lib/gcc/arm-none-eabi/7.3.1/thumb/v7-m/crtbegin.o
 *(.bss*)
 .bss.g_app     0x0000000020001234        0xc Core/Src/application/app_main.o
 .bss.m0_speed  0x0000000020001240        0x2 Core/Src/application/encoder/encoder.o
 .bss.m1_speed  0x0000000020001242        0x2 Core/Src/application/encoder/encoder.o
 .bss.genc_read
                0x0000000020001244        0x4 Core/Src/application/encoder/encoder.o
 .bss.genc_id   0x0000000020001248        0x1 Core/Src/application/encoder/encoder.o
 .bss.ginitialized
                0x0000000020001249        0x1 Core/Src/application/encoder/encoder.o
 *fill*         0x000000002000124a        0x2 
 .bss.roll      0x000000002000124c        0x4 Core/Src/application/imu/imu.o
 .bss.pitch     0x0000000020001250        0x4 Core/Src/application/imu/imu.o
 .bss.motion_6  0x0000000020001254       0x18 Core/Src/application/imu/imu.o
 .bss.mavbuf    0x000000002000126c      0x200 Core/Src/application/mav/mav.o
 .bss.msg       0x000000002000146c      0x110 Core/Src/application/mav/mav.o
 .bss.status    0x000000002000157c        0xc Core/Src/application/mav/mav.o
 .bss.gon_mav_recv
                0x0000000020001588        0x4 Core/Src/application/mav/mav.o
 .bss.m_mavlink_buffer.5258
                0x000000002000158c      0x440 Core/Src/application/mav/mav.o
 .bss.m_mavlink_status.5254
                0x00000000200019cc       0x30 Core/Src/application/mav/mav.o
 .bss.uart_drvs
                0x00000000200019fc        0xc Core/Src/application/mav/uart/uart.o
 .bss.m_mavlink_status.5307
                0x0000000020001a08       0x30 Core/Src/application/mode/mode_hw/mode_hw.o
 .bss.m_mavlink_status.5307
                0x0000000020001a38       0x30 Core/Src/application/mode/mode_imu/mode_imu.o
 .bss.gcmd_velocity
                0x0000000020001a68       0x10 Core/Src/application/mode/mode_pidt/mode_pidt_tw.o
 .bss.msg       0x0000000020001a78      0x110 Core/Src/application/mode/mode_pidt/mode_pidt_tw.o
 .bss.tilt_setpoint
                0x0000000020001b88        0x4 Core/Src/application/mode/mode_pidt/mode_pidt_tw.o
 .bss.m_mavlink_status.5307
                0x0000000020001b8c       0x30 Core/Src/application/mode/mode_pidt/mode_pidt_tw.o
 .bss.gcmd_velocity
                0x0000000020001bbc       0x10 Core/Src/application/mode/mode_run/mode_run_tw.o
 .bss.tilt_setpoint
                0x0000000020001bcc        0x4 Core/Src/application/mode/mode_run/mode_run_tw.o
 .bss.m_mavlink_status.5307
                0x0000000020001bd0       0x30 Core/Src/application/mode/mode_run/mode_run_tw.o
 .bss.gset_speed_motor0
                0x0000000020001c00        0x4 Core/Src/application/motors/motors.o
 .bss.gset_speed_motor1
                0x0000000020001c04        0x4 Core/Src/application/motors/motors.o
 .bss.rgb_arr   0x0000000020001c08       0x30 Core/Src/application/neopixel/abs/port.o
                0x0000000020001c08                rgb_arr
 .bss.wr_buf    0x0000000020001c38       0x30 Core/Src/application/neopixel/abs/port.o
                0x0000000020001c38                wr_buf
 .bss.wr_buf_p  0x0000000020001c68        0x4 Core/Src/application/neopixel/abs/port.o
                0x0000000020001c68                wr_buf_p
 .bss.callbacks
                0x0000000020001c6c       0xf0 Core/Src/application/timer/timer.o
 *(COMMON)
 COMMON         0x0000000020001d5c        0xc Core/Src/application/imu/MPU9250/MPU9250.o
                0x0000000020001d5c                g_microTesla_per_LSB
                0x0000000020001d60                g_lsb_per_g
                0x0000000020001d64                g_lsb_per_dpfs
 COMMON         0x0000000020001d68        0x1 Core/Src/application/mode/mode_hw/mode_hw.o
                0x0000000020001d68                gtimerid_speed_report
 *fill*         0x0000000020001d69        0x3 
 COMMON         0x0000000020001d6c       0x54 Core/Src/i2c.o
                0x0000000020001d6c                hi2c1
 COMMON         0x0000000020001dc0       0xb0 Core/Src/spi.o
                0x0000000020001dc0                hspi2
                0x0000000020001e18                hspi1
 COMMON         0x0000000020001e70      0x120 Core/Src/tim.o
                0x0000000020001e70                htim4
                0x0000000020001eb8                htim3
                0x0000000020001f00                htim1
                0x0000000020001f48                htim2
 COMMON         0x0000000020001f90      0x1d0 Core/Src/usart.o
                0x0000000020001f90                hdma_usart2_rx
                0x0000000020001fd4                hdma_usart3_rx
                0x0000000020002018                huart3
                0x0000000020002058                hdma_usart3_tx
                0x000000002000209c                hdma_usart2_tx
                0x00000000200020e0                huart1
                0x0000000020002120                huart2
 COMMON         0x0000000020002160        0x4 Drivers/STM32F1xx_HAL_Driver/Src/stm32f1xx_hal.o
                0x0000000020002160                uwTick
 *fill*         0x0000000020002164        0x4 
 COMMON         0x0000000020002168       0x20 Drivers/STM32F1xx_HAL_Driver/Src/stm32f1xx_hal_flash.o
                0x0000000020002168                pFlash
                0x0000000020002188                . = ALIGN (0x4)
                0x0000000020002188                _ebss = .
                0x0000000020002188                __bss_end__ = _ebss

._user_heap_stack
                0x0000000020002188      0x600 load address 0x000000000800cd4c
                0x0000000020002188                . = ALIGN (0x8)
                [!provide]                        PROVIDE (end = .)
                0x0000000020002188                PROVIDE (_end = .)
                0x0000000020002388                . = (. + _Min_Heap_Size)
 *fill*         0x0000000020002188      0x200 
                0x0000000020002788                . = (. + _Min_Stack_Size)
 *fill*         0x0000000020002388      0x400 
                0x0000000020002788                . = ALIGN (0x8)

/DISCARD/
 libc.a(*)
 libm.a(*)
 libgcc.a(*)

.ARM.attributes
                0x0000000000000000       0x29
 *(.ARM.attributes)
 .ARM.attributes
                0x0000000000000000       0x1d e:/stmicroelectronics/stm32cubeide_1.5.1/stm32cubeide/plugins/com.st.stm32cube.ide.mcu.externaltools.gnu-tools-for-stm32.7-2018-q2-update.win32_1.5.0.202011040924/tools/bin/../lib/gcc/arm-none-eabi/7.3.1/thumb/v7-m/crti.o
 .ARM.attributes
                0x000000000000001d       0x2d e:/stmicroelectronics/stm32cubeide_1.5.1/stm32cubeide/plugins/com.st.stm32cube.ide.mcu.externaltools.gnu-tools-for-stm32.7-2018-q2-update.win32_1.5.0.202011040924/tools/bin/../lib/gcc/arm-none-eabi/7.3.1/thumb/v7-m/crtbegin.o
 .ARM.attributes
                0x000000000000004a       0x33 Core/Src/application/app_main.o
 .ARM.attributes
                0x000000000000007d       0x33 Core/Src/application/buzzer/buzzer.o
 .ARM.attributes
                0x00000000000000b0       0x33 Core/Src/application/encoder/encoder.o
 .ARM.attributes
                0x00000000000000e3       0x33 Core/Src/application/imu/MPU9250/MPU9250.o
 .ARM.attributes
                0x0000000000000116       0x33 Core/Src/application/imu/imu.o
 .ARM.attributes
                0x0000000000000149       0x33 Core/Src/application/mav/mav.o
 .ARM.attributes
                0x000000000000017c       0x33 Core/Src/application/mav/uart/uart.o
 .ARM.attributes
                0x00000000000001af       0x33 Core/Src/application/mav/utils/circular_buffer/circular_buffer.o
 .ARM.attributes
                0x00000000000001e2       0x33 Core/Src/application/mode/mode_hw/mode_hw.o
 .ARM.attributes
                0x0000000000000215       0x33 Core/Src/application/mode/mode_imu/mode_imu.o
 .ARM.attributes
                0x0000000000000248       0x33 Core/Src/application/mode/mode_pidt/mode_pidt_tw.o
 .ARM.attributes
                0x000000000000027b       0x33 Core/Src/application/mode/mode_run/mode_run_tw.o
 .ARM.attributes
                0x00000000000002ae       0x33 Core/Src/application/motors/motors.o
 .ARM.attributes
                0x00000000000002e1       0x33 Core/Src/application/neopixel/abs/port.o
 .ARM.attributes
                0x0000000000000314       0x33 Core/Src/application/params/params.o
 .ARM.attributes
                0x0000000000000347       0x33 Core/Src/application/pid/pid.o
 .ARM.attributes
                0x000000000000037a       0x33 Core/Src/application/timer/timer.o
 .ARM.attributes
                0x00000000000003ad       0x33 Core/Src/dma.o
 .ARM.attributes
                0x00000000000003e0       0x33 Core/Src/gpio.o
 .ARM.attributes
                0x0000000000000413       0x33 Core/Src/i2c.o
 .ARM.attributes
                0x0000000000000446       0x33 Core/Src/main.o
 .ARM.attributes
                0x0000000000000479       0x33 Core/Src/spi.o
 .ARM.attributes
                0x00000000000004ac       0x33 Core/Src/stm32f1xx_hal_msp.o
 .ARM.attributes
                0x00000000000004df       0x33 Core/Src/stm32f1xx_it.o
 .ARM.attributes
                0x0000000000000512       0x33 Core/Src/system_stm32f1xx.o
 .ARM.attributes
                0x0000000000000545       0x33 Core/Src/tim.o
 .ARM.attributes
                0x0000000000000578       0x33 Core/Src/usart.o
 .ARM.attributes
                0x00000000000005ab       0x21 Core/Startup/startup_stm32f103c8tx.o
 .ARM.attributes
                0x00000000000005cc       0x33 Drivers/STM32F1xx_HAL_Driver/Src/stm32f1xx_hal.o
 .ARM.attributes
                0x00000000000005ff       0x33 Drivers/STM32F1xx_HAL_Driver/Src/stm32f1xx_hal_cortex.o
 .ARM.attributes
                0x0000000000000632       0x33 Drivers/STM32F1xx_HAL_Driver/Src/stm32f1xx_hal_dma.o
 .ARM.attributes
                0x0000000000000665       0x33 Drivers/STM32F1xx_HAL_Driver/Src/stm32f1xx_hal_flash.o
 .ARM.attributes
                0x0000000000000698       0x33 Drivers/STM32F1xx_HAL_Driver/Src/stm32f1xx_hal_flash_ex.o
 .ARM.attributes
                0x00000000000006cb       0x33 Drivers/STM32F1xx_HAL_Driver/Src/stm32f1xx_hal_gpio.o
 .ARM.attributes
                0x00000000000006fe       0x33 Drivers/STM32F1xx_HAL_Driver/Src/stm32f1xx_hal_i2c.o
 .ARM.attributes
                0x0000000000000731       0x33 Drivers/STM32F1xx_HAL_Driver/Src/stm32f1xx_hal_rcc.o
 .ARM.attributes
                0x0000000000000764       0x33 Drivers/STM32F1xx_HAL_Driver/Src/stm32f1xx_hal_spi.o
 .ARM.attributes
                0x0000000000000797       0x33 Drivers/STM32F1xx_HAL_Driver/Src/stm32f1xx_hal_tim.o
 .ARM.attributes
                0x00000000000007ca       0x33 Drivers/STM32F1xx_HAL_Driver/Src/stm32f1xx_hal_tim_ex.o
 .ARM.attributes
                0x00000000000007fd       0x33 Drivers/STM32F1xx_HAL_Driver/Src/stm32f1xx_hal_uart.o
 .ARM.attributes
                0x0000000000000830       0x2d e:/stmicroelectronics/stm32cubeide_1.5.1/stm32cubeide/plugins/com.st.stm32cube.ide.mcu.externaltools.gnu-tools-for-stm32.7-2018-q2-update.win32_1.5.0.202011040924/tools/bin/../lib/gcc/arm-none-eabi/7.3.1/../../../../arm-none-eabi/lib/thumb/v7-m\libc_nano.a(lib_a-errno.o)
 .ARM.attributes
                0x000000000000085d       0x2d e:/stmicroelectronics/stm32cubeide_1.5.1/stm32cubeide/plugins/com.st.stm32cube.ide.mcu.externaltools.gnu-tools-for-stm32.7-2018-q2-update.win32_1.5.0.202011040924/tools/bin/../lib/gcc/arm-none-eabi/7.3.1/../../../../arm-none-eabi/lib/thumb/v7-m\libc_nano.a(lib_a-impure.o)
 .ARM.attributes
                0x000000000000088a       0x2d e:/stmicroelectronics/stm32cubeide_1.5.1/stm32cubeide/plugins/com.st.stm32cube.ide.mcu.externaltools.gnu-tools-for-stm32.7-2018-q2-update.win32_1.5.0.202011040924/tools/bin/../lib/gcc/arm-none-eabi/7.3.1/../../../../arm-none-eabi/lib/thumb/v7-m\libc_nano.a(lib_a-init.o)
 .ARM.attributes
                0x00000000000008b7       0x2d e:/stmicroelectronics/stm32cubeide_1.5.1/stm32cubeide/plugins/com.st.stm32cube.ide.mcu.externaltools.gnu-tools-for-stm32.7-2018-q2-update.win32_1.5.0.202011040924/tools/bin/../lib/gcc/arm-none-eabi/7.3.1/../../../../arm-none-eabi/lib/thumb/v7-m\libc_nano.a(lib_a-memcpy-stub.o)
 .ARM.attributes
                0x00000000000008e4       0x2d e:/stmicroelectronics/stm32cubeide_1.5.1/stm32cubeide/plugins/com.st.stm32cube.ide.mcu.externaltools.gnu-tools-for-stm32.7-2018-q2-update.win32_1.5.0.202011040924/tools/bin/../lib/gcc/arm-none-eabi/7.3.1/../../../../arm-none-eabi/lib/thumb/v7-m\libc_nano.a(lib_a-memset.o)
 .ARM.attributes
                0x0000000000000911       0x2d e:/stmicroelectronics/stm32cubeide_1.5.1/stm32cubeide/plugins/com.st.stm32cube.ide.mcu.externaltools.gnu-tools-for-stm32.7-2018-q2-update.win32_1.5.0.202011040924/tools/bin/../lib/gcc/arm-none-eabi/7.3.1/../../../../arm-none-eabi/lib/thumb/v7-m\libm.a(lib_a-w_atan2.o)
 .ARM.attributes
                0x000000000000093e       0x2d e:/stmicroelectronics/stm32cubeide_1.5.1/stm32cubeide/plugins/com.st.stm32cube.ide.mcu.externaltools.gnu-tools-for-stm32.7-2018-q2-update.win32_1.5.0.202011040924/tools/bin/../lib/gcc/arm-none-eabi/7.3.1/../../../../arm-none-eabi/lib/thumb/v7-m\libm.a(lib_a-w_sqrt.o)
 .ARM.attributes