checksum.h:34:20:crc_accumulate	24	static
checksum.h:51:20:crc_init	16	static
checksum.h:64:24:crc_calculate	24	static
checksum.h:84:20:crc_accumulate_buffer	32	static
mavlink_helpers.h:17:34:mavlink_get_channel_status	16	static
mavlink_helpers.h:68:25:mavlink_finalize_message_chan	24	static
mavlink_helpers.h:101:25:mavlink_finalize_message	32	static
mavlink_helpers.h:176:25:mavlink_msg_to_send_buffer	24	static
mavlink_msg_cmd_params.h:204:20:mavlink_msg_cmd_params_decode	24	static
mavlink_msg_cmd_velocity.h:228:20:mavlink_msg_cmd_velocity_decode	24	static
mavlink_msg_evt_tilt.h:47:24:mavlink_msg_evt_tilt_pack	40	static
mavlink_msg_pid_params.h:59:24:mavlink_msg_pid_params_pack	40	static
mavlink_msg_pid_params.h:276:20:mavlink_msg_pid_params_decode	24	static
mavlink_msg_pid_report.h:71:24:mavlink_msg_pid_report_pack	56	static
mode_pidt_tw.c:31:13:tilt_controller_callback	24	static
mode_pidt_tw.c:57:13:vel_controller_callback	24	static
mode_pidt_tw.c:73:12:load_params	288	static
mode_pidt_tw.c:100:12:save_params	8	static
mode_pidt_tw.c:106:12:write_param	32	static
mode_pidt_tw.c:128:13:tilt_report_callback	552	static
mode_pidt_tw.c:148:13:pid_report_callback	592	static
mode_pidt_tw.c:184:6:mode_pidt_init	8	static
mode_pidt_tw.c:209:6:mode_pidt_deinit	8	static
mode_pidt_tw.c:222:6:on_mode_pidt_mavlink_recv	40	static
