checksum.h:34:20:crc_accumulate	24	static
checksum.h:51:20:crc_init	16	static
checksum.h:64:24:crc_calculate	24	static
checksum.h:84:20:crc_accumulate_buffer	32	static
mavlink_helpers.h:17:34:mavlink_get_channel_status	16	static
mavlink_helpers.h:68:25:mavlink_finalize_message_chan	24	static
mavlink_helpers.h:101:25:mavlink_finalize_message	32	static
mavlink_helpers.h:176:25:mavlink_msg_to_send_buffer	24	static
mavlink_msg_cmd_params.h:204:20:mavlink_msg_cmd_params_decode	24	static
mavlink_msg_evt_tilt.h:47:24:mavlink_msg_evt_tilt_pack	40	static
mavlink_msg_evt_rpy.h:55:24:mavlink_msg_evt_rpy_pack	48	static
mavlink_msg_gyro_params.h:55:24:mavlink_msg_gyro_params_pack	48	static
mavlink_msg_gyro_params.h:252:20:mavlink_msg_gyro_params_decode	24	static
mavlink_msg_comp_filter_params.h:55:24:mavlink_msg_comp_filter_params_pack	40	static
mavlink_msg_comp_filter_params.h:252:20:mavlink_msg_comp_filter_params_decode	24	static
mavlink_msg_evt_accel_raw.h:55:24:mavlink_msg_evt_accel_raw_pack	48	static
mavlink_msg_evt_gyro_raw.h:55:24:mavlink_msg_evt_gyro_raw_pack	48	static
mavlink_msg_evt_calibrated_gyro_raw.h:55:24:mavlink_msg_evt_calibrated_gyro_raw_pack	48	static
mavlink_msg_evt_mag_raw.h:55:24:mavlink_msg_evt_mag_raw_pack	48	static
mode_imu.c:13:13:imu_raw_callback	584	static
mode_imu.c:42:13:imu_result_callback	576	static
mode_imu.c:73:12:load_imu_params	552	static
mode_imu.c:93:12:save_imu_params	8	static
mode_imu.c:100:6:mode_imu_init	8	static
mode_imu.c:109:6:mode_imu_deinit	8	static
mode_imu.c:118:6:on_mode_imu_mavlink_recv	48	static
