checksum.h:34:20:crc_accumulate	24	static
checksum.h:51:20:crc_init	16	static
checksum.h:64:24:crc_calculate	24	static
checksum.h:84:20:crc_accumulate_buffer	32	static
mavlink_helpers.h:17:34:mavlink_get_channel_status	16	static
mavlink_helpers.h:68:25:mavlink_finalize_message_chan	24	static
mavlink_helpers.h:101:25:mavlink_finalize_message	32	static
mavlink_helpers.h:176:25:mavlink_msg_to_send_buffer	24	static
mavlink_msg_cmd_velocity.h:228:20:mavlink_msg_cmd_velocity_decode	24	static
mavlink_msg_evt_tilt.h:47:24:mavlink_msg_evt_tilt_pack	40	static
mode_run_tw.c:28:13:tilt_controller_callback	24	static
mode_run_tw.c:54:13:vel_controller_callback	24	static
mode_run_tw.c:70:13:tilt_report_callback	552	static
mode_run_tw.c:90:6:mode_run_init	8	static
mode_run_tw.c:114:6:mode_run_deinit	8	static
mode_run_tw.c:126:6:on_mode_run_mavlink_recv	32	static
