checksum.h:34:20:crc_accumulate	24	static
checksum.h:51:20:crc_init	16	static
checksum.h:64:24:crc_calculate	24	static
checksum.h:84:20:crc_accumulate_buffer	32	static
mavlink_helpers.h:17:34:mavlink_get_channel_status	16	static
mavlink_helpers.h:33:35:mavlink_get_channel_buffer	16	static
mavlink_helpers.h:68:25:mavlink_finalize_message_chan	24	static
mavlink_helpers.h:101:25:mavlink_finalize_message	32	static
mavlink_helpers.h:176:25:mavlink_msg_to_send_buffer	24	static
mavlink_helpers.h:198:21:mavlink_start_checksum	16	static
mavlink_helpers.h:203:21:mavlink_update_checksum	16	static
mavlink_helpers.h:221:24:mavlink_frame_char_buffer	32	static
mavlink_helpers.h:447:24:mavlink_frame_char	40	static
mavlink_helpers.h:498:24:mavlink_parse_char	40	static
mavlink_msg_respond.h:47:24:mavlink_msg_respond_pack	32	static
mav.c:30:6:mavlink_callback	24	static
mav.c:52:6:mav_init	8	static
mav.c:58:6:mav_set_on_mav_recv	16	static
mav.c:62:6:mav_send	16	static
mav.c:67:6:respond_ok	544	static
mav.c:75:6:respond_error	544	static
